#
# There is insufficient memory for the Java Runtime Environment to continue.
# Native memory allocation (malloc) failed to allocate 81856 bytes for Chunk::new
# Possible reasons:
#   The system is out of physical RAM or swap space
#   The process is running with CompressedOops enabled, and the Java Heap may be blocking the growth of the native heap
# Possible solutions:
#   Reduce memory load on the system
#   Increase physical memory or swap space
#   Check if swap backing store is full
#   Decrease Java heap size (-Xmx/-Xms)
#   Decrease number of Java threads
#   Decrease Java thread stack sizes (-Xss)
#   Set larger code cache with -XX:ReservedCodeCacheSize=
#   JVM is running with Unscaled Compressed Oops mode in which the Java heap is
#     placed in the first 4GB address space. The Java Heap base address is the
#     maximum limit for the native heap growth. Please use -XX:HeapBaseMinAddress
#     to set the Java Heap base and to place the Java Heap above 4GB virtual address.
# This output file may be truncated or incomplete.
#
#  Out of Memory Error (arena.cpp:191), pid=7436, tid=8112
#
# JRE version: OpenJDK Runtime Environment JBR-17.0.9+7-1000.46-jcef (17.0.9+7) (build 17.0.9+7-b1000.46)
# Java VM: OpenJDK 64-Bit Server VM JBR-17.0.9+7-1000.46-jcef (17.0.9+7-b1000.46, mixed mode, tiered, compressed oops, compressed class ptrs, g1 gc, windows-amd64)
# No core dump will be written. Minidumps are not enabled by default on client versions of Windows
#

---------------  S U M M A R Y ------------

Command Line: git4idea.http.GitAskPassApp Username for 'https://github.com': 

Host: 12th Gen Intel(R) Core(TM) i5-12500, 12 cores, 7G,  Windows 11 , 64 bit Build 22621 (10.0.22621.6491)
Time: Thu Jun 18 16:04:49 2026 Hora estándar de Argentina elapsed time: 0.570782 seconds (0d 0h 0m 0s)

---------------  T H R E A D  ---------------

Current thread (0x000001e1ca00d8a0):  JavaThread "C2 CompilerThread0" daemon [_thread_in_native, id=8112, stack(0x000000accdc00000,0x000000accdd00000)]


Current CompileTask:
C2:    570  958       4       sun.security.util.math.intpoly.IntegerPolynomialP256::mult (943 bytes)

Stack: [0x000000accdc00000,0x000000accdd00000]
Native frames: (J=compiled Java code, j=interpreted, Vv=VM code, C=native code)
V  [jvm.dll+0x6886e9]
V  [jvm.dll+0x841e4a]
V  [jvm.dll+0x843a8e]
V  [jvm.dll+0x8440f3]
V  [jvm.dll+0x24c14f]
V  [jvm.dll+0xac44c]
V  [jvm.dll+0xaca9c]
V  [jvm.dll+0x36c1f7]
V  [jvm.dll+0x33651a]
V  [jvm.dll+0x3359ba]
V  [jvm.dll+0x21ddb1]
V  [jvm.dll+0x21d1d1]
V  [jvm.dll+0x1a674d]
V  [jvm.dll+0x22d088]
V  [jvm.dll+0x22b1c0]
V  [jvm.dll+0x7f62f7]
V  [jvm.dll+0x7f06aa]
V  [jvm.dll+0x687565]
C  [ucrtbase.dll+0x29333]
C  [KERNEL32.DLL+0x1259d]
C  [ntdll.dll+0x5afb8]


---------------  P R O C E S S  ---------------

Threads class SMR info:
_java_thread_list=0x000001e1ca79ba10, length=16, elements={
0x000001e1abb8c480, 0x000001e1ca020010, 0x000001e1ca0204f0, 0x000001e1ca00ad60,
0x000001e1ca00bb40, 0x000001e1ca00c110, 0x000001e1ca00c6e0, 0x000001e1ca00d8a0,
0x000001e1ca0867a0, 0x000001e1ca089ce0, 0x000001e1ca1c29f0, 0x000001e1ca1d5200,
0x000001e1ca6d4a20, 0x000001e1ca753ca0, 0x000001e1ca7a3830, 0x000001e1ca81c310
}

Java Threads: ( => current thread )
  0x000001e1abb8c480 JavaThread "main" [_thread_blocked, id=5540, stack(0x000000acccf00000,0x000000accd000000)]
  0x000001e1ca020010 JavaThread "Reference Handler" daemon [_thread_blocked, id=12336, stack(0x000000accd600000,0x000000accd700000)]
  0x000001e1ca0204f0 JavaThread "Finalizer" daemon [_thread_blocked, id=3796, stack(0x000000accd700000,0x000000accd800000)]
  0x000001e1ca00ad60 JavaThread "Signal Dispatcher" daemon [_thread_blocked, id=15844, stack(0x000000accd800000,0x000000accd900000)]
  0x000001e1ca00bb40 JavaThread "Attach Listener" daemon [_thread_blocked, id=8600, stack(0x000000accd900000,0x000000accda00000)]
  0x000001e1ca00c110 JavaThread "Service Thread" daemon [_thread_blocked, id=8280, stack(0x000000accda00000,0x000000accdb00000)]
  0x000001e1ca00c6e0 JavaThread "Monitor Deflation Thread" daemon [_thread_blocked, id=3500, stack(0x000000accdb00000,0x000000accdc00000)]
=>0x000001e1ca00d8a0 JavaThread "C2 CompilerThread0" daemon [_thread_in_native, id=8112, stack(0x000000accdc00000,0x000000accdd00000)]
  0x000001e1ca0867a0 JavaThread "C1 CompilerThread0" daemon [_thread_blocked, id=4108, stack(0x000000accdd00000,0x000000accde00000)]
  0x000001e1ca089ce0 JavaThread "Sweeper thread" daemon [_thread_blocked, id=14700, stack(0x000000accde00000,0x000000accdf00000)]
  0x000001e1ca1c29f0 JavaThread "Notification Thread" daemon [_thread_blocked, id=16308, stack(0x000000accdf00000,0x000000acce000000)]
  0x000001e1ca1d5200 JavaThread "Common-Cleaner" daemon [_thread_blocked, id=15376, stack(0x000000acce100000,0x000000acce200000)]
  0x000001e1ca6d4a20 JavaThread "HttpClient-1-SelectorManager" daemon [_thread_in_native, id=14064, stack(0x000000acce200000,0x000000acce300000)]
  0x000001e1ca753ca0 JavaThread "HttpClient-1-Worker-0" daemon [_thread_in_vm, id=7488, stack(0x000000acce400000,0x000000acce500000)]
  0x000001e1ca7a3830 JavaThread "HttpClient-1-Worker-1" daemon [_thread_blocked, id=12156, stack(0x000000acce500000,0x000000acce600000)]
  0x000001e1ca81c310 JavaThread "C2 CompilerThread1" daemon [_thread_blocked, id=9284, stack(0x000000acce600000,0x000000acce700000)]

Other Threads:
  0x000001e1c5e53f80 VMThread "VM Thread" [stack: 0x000000accd500000,0x000000accd600000] [id=15428]
  0x000001e1ca1c3ee0 WatcherThread [stack: 0x000000acce000000,0x000000acce100000] [id=6256]
  0x000001e1abbe5e80 GCTaskThread "GC Thread#0" [stack: 0x000000accd000000,0x000000accd100000] [id=5068]
  0x000001e1abbf8360 ConcurrentGCThread "G1 Main Marker" [stack: 0x000000accd100000,0x000000accd200000] [id=12440]
  0x000001e1abbf9c90 ConcurrentGCThread "G1 Conc#0" [stack: 0x000000accd200000,0x000000accd300000] [id=10988]
  0x000001e1abc3e8a0 ConcurrentGCThread "G1 Refine#0" [stack: 0x000000accd300000,0x000000accd400000] [id=5044]
  0x000001e1c5c9e120 ConcurrentGCThread "G1 Service" [stack: 0x000000accd400000,0x000000accd500000] [id=2116]

Threads with active compile tasks:
C2 CompilerThread0      597  958       4       sun.security.util.math.intpoly.IntegerPolynomialP256::mult (943 bytes)

VM state: not at safepoint (normal execution)

VM Mutex/Monitor currently owned by a thread:  ([mutex/lock_event])
[0x000001e1abb84d90] Metaspace_lock - owner thread: 0x000001e1ca753ca0

Heap address: 0x0000000084c00000, size: 1972 MB, Compressed Oops mode: 32-bit

CDS archive(s) not mapped
Compressed class space mapped at: 0x0000000100000000-0x0000000140000000, reserved size: 1073741824
Narrow klass base: 0x0000000000000000, Narrow klass shift: 3, Narrow klass range: 0x140000000

GC Precious Log:
 CPUs: 12 total, 12 available
 Memory: 7880M
 Large Page Support: Disabled
 NUMA Support: Disabled
 Compressed Oops: Enabled (32-bit)
 Heap Region Size: 1M
 Heap Min Capacity: 8M
 Heap Initial Capacity: 124M
 Heap Max Capacity: 1972M
 Pre-touch: Disabled
 Parallel Workers: 10
 Concurrent Workers: 3
 Concurrent Refinement Workers: 10
 Periodic GC: Disabled

Heap:
 garbage-first heap   total 126976K, used 12288K [0x0000000084c00000, 0x0000000100000000)
  region size 1024K, 13 young (13312K), 0 survivors (0K)
 Metaspace       used 16255K, committed 16384K, reserved 1114112K
  class space    used 1707K, committed 1792K, reserved 1048576K

Heap Regions: E=young(eden), S=young(survivor), O=old, HS=humongous(starts), HC=humongous(continues), CS=collection set, F=free, OA=open archive, CA=closed archive, TAMS=top-at-mark-start (previous, next)
|   0|0x0000000084c00000, 0x0000000084c00000, 0x0000000084d00000|  0%| F|  |TAMS 0x0000000084c00000, 0x0000000084c00000| Untracked 
|   1|0x0000000084d00000, 0x0000000084d00000, 0x0000000084e00000|  0%| F|  |TAMS 0x0000000084d00000, 0x0000000084d00000| Untracked 
|   2|0x0000000084e00000, 0x0000000084e00000, 0x0000000084f00000|  0%| F|  |TAMS 0x0000000084e00000, 0x0000000084e00000| Untracked 
|   3|0x0000000084f00000, 0x0000000084f00000, 0x0000000085000000|  0%| F|  |TAMS 0x0000000084f00000, 0x0000000084f00000| Untracked 
|   4|0x0000000085000000, 0x0000000085000000, 0x0000000085100000|  0%| F|  |TAMS 0x0000000085000000, 0x0000000085000000| Untracked 
|   5|0x0000000085100000, 0x0000000085100000, 0x0000000085200000|  0%| F|  |TAMS 0x0000000085100000, 0x0000000085100000| Untracked 
|   6|0x0000000085200000, 0x0000000085200000, 0x0000000085300000|  0%| F|  |TAMS 0x0000000085200000, 0x0000000085200000| Untracked 
|   7|0x0000000085300000, 0x0000000085300000, 0x0000000085400000|  0%| F|  |TAMS 0x0000000085300000, 0x0000000085300000| Untracked 
|   8|0x0000000085400000, 0x0000000085400000, 0x0000000085500000|  0%| F|  |TAMS 0x0000000085400000, 0x0000000085400000| Untracked 
|   9|0x0000000085500000, 0x0000000085500000, 0x0000000085600000|  0%| F|  |TAMS 0x0000000085500000, 0x0000000085500000| Untracked 
|  10|0x0000000085600000, 0x0000000085600000, 0x0000000085700000|  0%| F|  |TAMS 0x0000000085600000, 0x0000000085600000| Untracked 
|  11|0x0000000085700000, 0x0000000085700000, 0x0000000085800000|  0%| F|  |TAMS 0x0000000085700000, 0x0000000085700000| Untracked 
|  12|0x0000000085800000, 0x0000000085800000, 0x0000000085900000|  0%| F|  |TAMS 0x0000000085800000, 0x0000000085800000| Untracked 
|  13|0x0000000085900000, 0x0000000085900000, 0x0000000085a00000|  0%| F|  |TAMS 0x0000000085900000, 0x0000000085900000| Untracked 
|  14|0x0000000085a00000, 0x0000000085a00000, 0x0000000085b00000|  0%| F|  |TAMS 0x0000000085a00000, 0x0000000085a00000| Untracked 
|  15|0x0000000085b00000, 0x0000000085b00000, 0x0000000085c00000|  0%| F|  |TAMS 0x0000000085b00000, 0x0000000085b00000| Untracked 
|  16|0x0000000085c00000, 0x0000000085c00000, 0x0000000085d00000|  0%| F|  |TAMS 0x0000000085c00000, 0x0000000085c00000| Untracked 
|  17|0x0000000085d00000, 0x0000000085d00000, 0x0000000085e00000|  0%| F|  |TAMS 0x0000000085d00000, 0x0000000085d00000| Untracked 
|  18|0x0000000085e00000, 0x0000000085e00000, 0x0000000085f00000|  0%| F|  |TAMS 0x0000000085e00000, 0x0000000085e00000| Untracked 
|  19|0x0000000085f00000, 0x0000000085f00000, 0x0000000086000000|  0%| F|  |TAMS 0x0000000085f00000, 0x0000000085f00000| Untracked 
|  20|0x0000000086000000, 0x0000000086000000, 0x0000000086100000|  0%| F|  |TAMS 0x0000000086000000, 0x0000000086000000| Untracked 
|  21|0x0000000086100000, 0x0000000086100000, 0x0000000086200000|  0%| F|  |TAMS 0x0000000086100000, 0x0000000086100000| Untracked 
|  22|0x0000000086200000, 0x0000000086200000, 0x0000000086300000|  0%| F|  |TAMS 0x0000000086200000, 0x0000000086200000| Untracked 
|  23|0x0000000086300000, 0x0000000086300000, 0x0000000086400000|  0%| F|  |TAMS 0x0000000086300000, 0x0000000086300000| Untracked 
|  24|0x0000000086400000, 0x0000000086400000, 0x0000000086500000|  0%| F|  |TAMS 0x0000000086400000, 0x0000000086400000| Untracked 
|  25|0x0000000086500000, 0x0000000086500000, 0x0000000086600000|  0%| F|  |TAMS 0x0000000086500000, 0x0000000086500000| Untracked 
|  26|0x0000000086600000, 0x0000000086600000, 0x0000000086700000|  0%| F|  |TAMS 0x0000000086600000, 0x0000000086600000| Untracked 
|  27|0x0000000086700000, 0x0000000086700000, 0x0000000086800000|  0%| F|  |TAMS 0x0000000086700000, 0x0000000086700000| Untracked 
|  28|0x0000000086800000, 0x0000000086800000, 0x0000000086900000|  0%| F|  |TAMS 0x0000000086800000, 0x0000000086800000| Untracked 
|  29|0x0000000086900000, 0x0000000086900000, 0x0000000086a00000|  0%| F|  |TAMS 0x0000000086900000, 0x0000000086900000| Untracked 
|  30|0x0000000086a00000, 0x0000000086a00000, 0x0000000086b00000|  0%| F|  |TAMS 0x0000000086a00000, 0x0000000086a00000| Untracked 
|  31|0x0000000086b00000, 0x0000000086b00000, 0x0000000086c00000|  0%| F|  |TAMS 0x0000000086b00000, 0x0000000086b00000| Untracked 
|  32|0x0000000086c00000, 0x0000000086c00000, 0x0000000086d00000|  0%| F|  |TAMS 0x0000000086c00000, 0x0000000086c00000| Untracked 
|  33|0x0000000086d00000, 0x0000000086d00000, 0x0000000086e00000|  0%| F|  |TAMS 0x0000000086d00000, 0x0000000086d00000| Untracked 
|  34|0x0000000086e00000, 0x0000000086e00000, 0x0000000086f00000|  0%| F|  |TAMS 0x0000000086e00000, 0x0000000086e00000| Untracked 
|  35|0x0000000086f00000, 0x0000000086f00000, 0x0000000087000000|  0%| F|  |TAMS 0x0000000086f00000, 0x0000000086f00000| Untracked 
|  36|0x0000000087000000, 0x0000000087000000, 0x0000000087100000|  0%| F|  |TAMS 0x0000000087000000, 0x0000000087000000| Untracked 
|  37|0x0000000087100000, 0x0000000087100000, 0x0000000087200000|  0%| F|  |TAMS 0x0000000087100000, 0x0000000087100000| Untracked 
|  38|0x0000000087200000, 0x0000000087200000, 0x0000000087300000|  0%| F|  |TAMS 0x0000000087200000, 0x0000000087200000| Untracked 
|  39|0x0000000087300000, 0x0000000087300000, 0x0000000087400000|  0%| F|  |TAMS 0x0000000087300000, 0x0000000087300000| Untracked 
|  40|0x0000000087400000, 0x0000000087400000, 0x0000000087500000|  0%| F|  |TAMS 0x0000000087400000, 0x0000000087400000| Untracked 
|  41|0x0000000087500000, 0x0000000087500000, 0x0000000087600000|  0%| F|  |TAMS 0x0000000087500000, 0x0000000087500000| Untracked 
|  42|0x0000000087600000, 0x0000000087600000, 0x0000000087700000|  0%| F|  |TAMS 0x0000000087600000, 0x0000000087600000| Untracked 
|  43|0x0000000087700000, 0x0000000087700000, 0x0000000087800000|  0%| F|  |TAMS 0x0000000087700000, 0x0000000087700000| Untracked 
|  44|0x0000000087800000, 0x0000000087800000, 0x0000000087900000|  0%| F|  |TAMS 0x0000000087800000, 0x0000000087800000| Untracked 
|  45|0x0000000087900000, 0x0000000087900000, 0x0000000087a00000|  0%| F|  |TAMS 0x0000000087900000, 0x0000000087900000| Untracked 
|  46|0x0000000087a00000, 0x0000000087a00000, 0x0000000087b00000|  0%| F|  |TAMS 0x0000000087a00000, 0x0000000087a00000| Untracked 
|  47|0x0000000087b00000, 0x0000000087b00000, 0x0000000087c00000|  0%| F|  |TAMS 0x0000000087b00000, 0x0000000087b00000| Untracked 
|  48|0x0000000087c00000, 0x0000000087c00000, 0x0000000087d00000|  0%| F|  |TAMS 0x0000000087c00000, 0x0000000087c00000| Untracked 
|  49|0x0000000087d00000, 0x0000000087d00000, 0x0000000087e00000|  0%| F|  |TAMS 0x0000000087d00000, 0x0000000087d00000| Untracked 
|  50|0x0000000087e00000, 0x0000000087e00000, 0x0000000087f00000|  0%| F|  |TAMS 0x0000000087e00000, 0x0000000087e00000| Untracked 
|  51|0x0000000087f00000, 0x0000000087f00000, 0x0000000088000000|  0%| F|  |TAMS 0x0000000087f00000, 0x0000000087f00000| Untracked 
|  52|0x0000000088000000, 0x0000000088000000, 0x0000000088100000|  0%| F|  |TAMS 0x0000000088000000, 0x0000000088000000| Untracked 
|  53|0x0000000088100000, 0x0000000088100000, 0x0000000088200000|  0%| F|  |TAMS 0x0000000088100000, 0x0000000088100000| Untracked 
|  54|0x0000000088200000, 0x0000000088200000, 0x0000000088300000|  0%| F|  |TAMS 0x0000000088200000, 0x0000000088200000| Untracked 
|  55|0x0000000088300000, 0x0000000088300000, 0x0000000088400000|  0%| F|  |TAMS 0x0000000088300000, 0x0000000088300000| Untracked 
|  56|0x0000000088400000, 0x0000000088400000, 0x0000000088500000|  0%| F|  |TAMS 0x0000000088400000, 0x0000000088400000| Untracked 
|  57|0x0000000088500000, 0x0000000088500000, 0x0000000088600000|  0%| F|  |TAMS 0x0000000088500000, 0x0000000088500000| Untracked 
|  58|0x0000000088600000, 0x0000000088600000, 0x0000000088700000|  0%| F|  |TAMS 0x0000000088600000, 0x0000000088600000| Untracked 
|  59|0x0000000088700000, 0x0000000088700000, 0x0000000088800000|  0%| F|  |TAMS 0x0000000088700000, 0x0000000088700000| Untracked 
|  60|0x0000000088800000, 0x0000000088800000, 0x0000000088900000|  0%| F|  |TAMS 0x0000000088800000, 0x0000000088800000| Untracked 
|  61|0x0000000088900000, 0x0000000088900000, 0x0000000088a00000|  0%| F|  |TAMS 0x0000000088900000, 0x0000000088900000| Untracked 
|  62|0x0000000088a00000, 0x0000000088a00000, 0x0000000088b00000|  0%| F|  |TAMS 0x0000000088a00000, 0x0000000088a00000| Untracked 
|  63|0x0000000088b00000, 0x0000000088b00000, 0x0000000088c00000|  0%| F|  |TAMS 0x0000000088b00000, 0x0000000088b00000| Untracked 
|  64|0x0000000088c00000, 0x0000000088c00000, 0x0000000088d00000|  0%| F|  |TAMS 0x0000000088c00000, 0x0000000088c00000| Untracked 
|  65|0x0000000088d00000, 0x0000000088d00000, 0x0000000088e00000|  0%| F|  |TAMS 0x0000000088d00000, 0x0000000088d00000| Untracked 
|  66|0x0000000088e00000, 0x0000000088e00000, 0x0000000088f00000|  0%| F|  |TAMS 0x0000000088e00000, 0x0000000088e00000| Untracked 
|  67|0x0000000088f00000, 0x0000000088f00000, 0x0000000089000000|  0%| F|  |TAMS 0x0000000088f00000, 0x0000000088f00000| Untracked 
|  68|0x0000000089000000, 0x0000000089000000, 0x0000000089100000|  0%| F|  |TAMS 0x0000000089000000, 0x0000000089000000| Untracked 
|  69|0x0000000089100000, 0x0000000089100000, 0x0000000089200000|  0%| F|  |TAMS 0x0000000089100000, 0x0000000089100000| Untracked 
|  70|0x0000000089200000, 0x0000000089200000, 0x0000000089300000|  0%| F|  |TAMS 0x0000000089200000, 0x0000000089200000| Untracked 
|  71|0x0000000089300000, 0x0000000089300000, 0x0000000089400000|  0%| F|  |TAMS 0x0000000089300000, 0x0000000089300000| Untracked 
|  72|0x0000000089400000, 0x0000000089400000, 0x0000000089500000|  0%| F|  |TAMS 0x0000000089400000, 0x0000000089400000| Untracked 
|  73|0x0000000089500000, 0x0000000089500000, 0x0000000089600000|  0%| F|  |TAMS 0x0000000089500000, 0x0000000089500000| Untracked 
|  74|0x0000000089600000, 0x0000000089600000, 0x0000000089700000|  0%| F|  |TAMS 0x0000000089600000, 0x0000000089600000| Untracked 
|  75|0x0000000089700000, 0x0000000089700000, 0x0000000089800000|  0%| F|  |TAMS 0x0000000089700000, 0x0000000089700000| Untracked 
|  76|0x0000000089800000, 0x0000000089800000, 0x0000000089900000|  0%| F|  |TAMS 0x0000000089800000, 0x0000000089800000| Untracked 
|  77|0x0000000089900000, 0x0000000089900000, 0x0000000089a00000|  0%| F|  |TAMS 0x0000000089900000, 0x0000000089900000| Untracked 
|  78|0x0000000089a00000, 0x0000000089a00000, 0x0000000089b00000|  0%| F|  |TAMS 0x0000000089a00000, 0x0000000089a00000| Untracked 
|  79|0x0000000089b00000, 0x0000000089b00000, 0x0000000089c00000|  0%| F|  |TAMS 0x0000000089b00000, 0x0000000089b00000| Untracked 
|  80|0x0000000089c00000, 0x0000000089c00000, 0x0000000089d00000|  0%| F|  |TAMS 0x0000000089c00000, 0x0000000089c00000| Untracked 
|  81|0x0000000089d00000, 0x0000000089d00000, 0x0000000089e00000|  0%| F|  |TAMS 0x0000000089d00000, 0x0000000089d00000| Untracked 
|  82|0x0000000089e00000, 0x0000000089e00000, 0x0000000089f00000|  0%| F|  |TAMS 0x0000000089e00000, 0x0000000089e00000| Untracked 
|  83|0x0000000089f00000, 0x0000000089f00000, 0x000000008a000000|  0%| F|  |TAMS 0x0000000089f00000, 0x0000000089f00000| Untracked 
|  84|0x000000008a000000, 0x000000008a000000, 0x000000008a100000|  0%| F|  |TAMS 0x000000008a000000, 0x000000008a000000| Untracked 
|  85|0x000000008a100000, 0x000000008a100000, 0x000000008a200000|  0%| F|  |TAMS 0x000000008a100000, 0x000000008a100000| Untracked 
|  86|0x000000008a200000, 0x000000008a200000, 0x000000008a300000|  0%| F|  |TAMS 0x000000008a200000, 0x000000008a200000| Untracked 
|  87|0x000000008a300000, 0x000000008a300000, 0x000000008a400000|  0%| F|  |TAMS 0x000000008a300000, 0x000000008a300000| Untracked 
|  88|0x000000008a400000, 0x000000008a400000, 0x000000008a500000|  0%| F|  |TAMS 0x000000008a400000, 0x000000008a400000| Untracked 
|  89|0x000000008a500000, 0x000000008a500000, 0x000000008a600000|  0%| F|  |TAMS 0x000000008a500000, 0x000000008a500000| Untracked 
|  90|0x000000008a600000, 0x000000008a600000, 0x000000008a700000|  0%| F|  |TAMS 0x000000008a600000, 0x000000008a600000| Untracked 
|  91|0x000000008a700000, 0x000000008a700000, 0x000000008a800000|  0%| F|  |TAMS 0x000000008a700000, 0x000000008a700000| Untracked 
|  92|0x000000008a800000, 0x000000008a800000, 0x000000008a900000|  0%| F|  |TAMS 0x000000008a800000, 0x000000008a800000| Untracked 
|  93|0x000000008a900000, 0x000000008a900000, 0x000000008aa00000|  0%| F|  |TAMS 0x000000008a900000, 0x000000008a900000| Untracked 
|  94|0x000000008aa00000, 0x000000008aa00000, 0x000000008ab00000|  0%| F|  |TAMS 0x000000008aa00000, 0x000000008aa00000| Untracked 
|  95|0x000000008ab00000, 0x000000008ab00000, 0x000000008ac00000|  0%| F|  |TAMS 0x000000008ab00000, 0x000000008ab00000| Untracked 
|  96|0x000000008ac00000, 0x000000008ac00000, 0x000000008ad00000|  0%| F|  |TAMS 0x000000008ac00000, 0x000000008ac00000| Untracked 
|  97|0x000000008ad00000, 0x000000008ad00000, 0x000000008ae00000|  0%| F|  |TAMS 0x000000008ad00000, 0x000000008ad00000| Untracked 
|  98|0x000000008ae00000, 0x000000008ae00000, 0x000000008af00000|  0%| F|  |TAMS 0x000000008ae00000, 0x000000008ae00000| Untracked 
|  99|0x000000008af00000, 0x000000008af00000, 0x000000008b000000|  0%| F|  |TAMS 0x000000008af00000, 0x000000008af00000| Untracked 
| 100|0x000000008b000000, 0x000000008b000000, 0x000000008b100000|  0%| F|  |TAMS 0x000000008b000000, 0x000000008b000000| Untracked 
| 101|0x000000008b100000, 0x000000008b100000, 0x000000008b200000|  0%| F|  |TAMS 0x000000008b100000, 0x000000008b100000| Untracked 
| 102|0x000000008b200000, 0x000000008b200000, 0x000000008b300000|  0%| F|  |TAMS 0x000000008b200000, 0x000000008b200000| Untracked 
| 103|0x000000008b300000, 0x000000008b300000, 0x000000008b400000|  0%| F|  |TAMS 0x000000008b300000, 0x000000008b300000| Untracked 
| 104|0x000000008b400000, 0x000000008b400000, 0x000000008b500000|  0%| F|  |TAMS 0x000000008b400000, 0x000000008b400000| Untracked 
| 105|0x000000008b500000, 0x000000008b500000, 0x000000008b600000|  0%| F|  |TAMS 0x000000008b500000, 0x000000008b500000| Untracked 
| 106|0x000000008b600000, 0x000000008b600000, 0x000000008b700000|  0%| F|  |TAMS 0x000000008b600000, 0x000000008b600000| Untracked 
| 107|0x000000008b700000, 0x000000008b700000, 0x000000008b800000|  0%| F|  |TAMS 0x000000008b700000, 0x000000008b700000| Untracked 
| 108|0x000000008b800000, 0x000000008b800000, 0x000000008b900000|  0%| F|  |TAMS 0x000000008b800000, 0x000000008b800000| Untracked 
| 109|0x000000008b900000, 0x000000008b900000, 0x000000008ba00000|  0%| F|  |TAMS 0x000000008b900000, 0x000000008b900000| Untracked 
| 110|0x000000008ba00000, 0x000000008ba00000, 0x000000008bb00000|  0%| F|  |TAMS 0x000000008ba00000, 0x000000008ba00000| Untracked 
| 111|0x000000008bb00000, 0x000000008bbedb28, 0x000000008bc00000| 92%| E|  |TAMS 0x000000008bb00000, 0x000000008bb00000| Complete 
| 112|0x000000008bc00000, 0x000000008bd00000, 0x000000008bd00000|100%| E|CS|TAMS 0x000000008bc00000, 0x000000008bc00000| Complete 
| 113|0x000000008bd00000, 0x000000008be00000, 0x000000008be00000|100%| E|CS|TAMS 0x000000008bd00000, 0x000000008bd00000| Complete 
| 114|0x000000008be00000, 0x000000008bf00000, 0x000000008bf00000|100%| E|CS|TAMS 0x000000008be00000, 0x000000008be00000| Complete 
| 115|0x000000008bf00000, 0x000000008c000000, 0x000000008c000000|100%| E|CS|TAMS 0x000000008bf00000, 0x000000008bf00000| Complete 
| 116|0x000000008c000000, 0x000000008c100000, 0x000000008c100000|100%| E|CS|TAMS 0x000000008c000000, 0x000000008c000000| Complete 
| 117|0x000000008c100000, 0x000000008c200000, 0x000000008c200000|100%| E|CS|TAMS 0x000000008c100000, 0x000000008c100000| Complete 
| 118|0x000000008c200000, 0x000000008c300000, 0x000000008c300000|100%| E|CS|TAMS 0x000000008c200000, 0x000000008c200000| Complete 
| 119|0x000000008c300000, 0x000000008c400000, 0x000000008c400000|100%| E|CS|TAMS 0x000000008c300000, 0x000000008c300000| Complete 
| 120|0x000000008c400000, 0x000000008c500000, 0x000000008c500000|100%| E|CS|TAMS 0x000000008c400000, 0x000000008c400000| Complete 
| 121|0x000000008c500000, 0x000000008c600000, 0x000000008c600000|100%| E|CS|TAMS 0x000000008c500000, 0x000000008c500000| Complete 
| 122|0x000000008c600000, 0x000000008c700000, 0x000000008c700000|100%| E|CS|TAMS 0x000000008c600000, 0x000000008c600000| Complete 
| 123|0x000000008c700000, 0x000000008c800000, 0x000000008c800000|100%| E|CS|TAMS 0x000000008c700000, 0x000000008c700000| Complete 

Card table byte_map: [0x000001e1bec40000,0x000001e1bf020000] _byte_map_base: 0x000001e1be81a000

Marking Bits (Prev, Next): (CMBitMap*) 0x000001e1abbe83b0, (CMBitMap*) 0x000001e1abbe83f0
 Prev Bits: [0x000001e1bf400000, 0x000001e1c12d0000)
 Next Bits: [0x000001e1c12d0000, 0x000001e1c31a0000)

Polling page: 0x000001e1a9ac0000

Metaspace:

Usage:
  Non-class:     14.21 MB used.
      Class:      1.67 MB used.
       Both:     15.87 MB used.

Virtual space:
  Non-class space:       64.00 MB reserved,      14.25 MB ( 22%) committed,  1 nodes.
      Class space:        1.00 GB reserved,       1.75 MB ( <1%) committed,  1 nodes.
             Both:        1.06 GB reserved,      16.00 MB (  1%) committed. 

Chunk freelists:
   Non-Class:  944.00 KB
       Class:  14.22 MB
        Both:  15.14 MB

MaxMetaspaceSize: unlimited
CompressedClassSpaceSize: 1.00 GB
Initial GC threshold: 21.00 MB
Current GC threshold: 21.00 MB
CDS: off
MetaspaceReclaimPolicy: balanced
 - commit_granule_bytes: 65536.
 - commit_granule_words: 8192.
 - virtual_space_node_default_size: 8388608.
 - enlarge_chunks_in_place: 1.
 - new_chunks_are_fully_committed: 0.
 - uncommit_free_chunks: 1.
 - use_allocation_guard: 0.
 - handle_deallocations: 1.


Internal statistics:

num_allocs_failed_limit: 0.
num_arena_births: 128.
num_arena_deaths: 0.
num_vsnodes_births: 2.
num_vsnodes_deaths: 0.
num_space_committed: 256.
num_space_uncommitted: 0.
num_chunks_returned_to_freelist: 0.
num_chunks_taken_from_freelist: 272.
num_chunk_merges: 0.
num_chunk_splits: 150.
num_chunks_enlarged: 94.
num_inconsistent_stats: 0.

CodeHeap 'non-profiled nmethods': size=120000Kb used=290Kb max_used=290Kb free=119710Kb
 bounds [0x000001e1b6dd0000, 0x000001e1b7040000, 0x000001e1be300000]
CodeHeap 'profiled nmethods': size=120000Kb used=1495Kb max_used=1495Kb free=118505Kb
 bounds [0x000001e1af300000, 0x000001e1af570000, 0x000001e1b6830000]
CodeHeap 'non-nmethods': size=5760Kb used=1188Kb max_used=1203Kb free=4571Kb
 bounds [0x000001e1b6830000, 0x000001e1b6aa0000, 0x000001e1b6dd0000]
 total_blobs=1463 nmethods=980 adapters=396
 compilation: enabled
              stopped_count=0, restarted_count=0
 full_count=0

Compilation events (20 events):
Event: 0.566 Thread 0x000001e1ca0867a0 nmethod 968 0x000001e1b6e16a90 code [0x000001e1b6e16c20, 0x000001e1b6e16cf8]
Event: 0.566 Thread 0x000001e1ca0867a0  969       3       java.util.Arrays::fill (21 bytes)
Event: 0.566 Thread 0x000001e1ca0867a0 nmethod 969 0x000001e1af471310 code [0x000001e1af4714a0, 0x000001e1af471658]
Event: 0.566 Thread 0x000001e1ca0867a0  970       1       jdk.internal.net.http.common.DebugLogger::on (5 bytes)
Event: 0.566 Thread 0x000001e1ca0867a0 nmethod 970 0x000001e1b6e16d90 code [0x000001e1b6e16f20, 0x000001e1b6e16ff8]
Event: 0.566 Thread 0x000001e1ca81c310 nmethod 957 0x000001e1b6e17090 code [0x000001e1b6e17220, 0x000001e1b6e178e8]
Event: 0.566 Thread 0x000001e1ca81c310  959       4       sun.security.util.math.intpoly.IntegerPolynomial$MutableElement::setSum (6 bytes)
Event: 0.567 Thread 0x000001e1ca0867a0  971       3       java.lang.Byte::hashCode (8 bytes)
Event: 0.567 Thread 0x000001e1ca0867a0 nmethod 971 0x000001e1af471790 code [0x000001e1af471920, 0x000001e1af471a78]
Event: 0.567 Thread 0x000001e1ca0867a0  972       3       java.lang.Byte::hashCode (2 bytes)
Event: 0.567 Thread 0x000001e1ca0867a0 nmethod 972 0x000001e1af471b10 code [0x000001e1af471ca0, 0x000001e1af471d98]
Event: 0.567 Thread 0x000001e1ca0867a0  973       3       java.lang.invoke.InvokerBytecodeGenerator::emitStoreResult (27 bytes)
Event: 0.567 Thread 0x000001e1ca0867a0 nmethod 973 0x000001e1af471e10 code [0x000001e1af471fc0, 0x000001e1af4721a8]
Event: 0.567 Thread 0x000001e1ca0867a0  975       3       java.lang.invoke.InvokerBytecodeGenerator::emitPushArguments (45 bytes)
Event: 0.567 Thread 0x000001e1ca0867a0 nmethod 975 0x000001e1af472290 code [0x000001e1af472480, 0x000001e1af4728f8]
Event: 0.567 Thread 0x000001e1ca0867a0  974       3       java.lang.invoke.LambdaForm$NamedFunction::intrinsicName (21 bytes)
Event: 0.567 Thread 0x000001e1ca0867a0 nmethod 974 0x000001e1af472b90 code [0x000001e1af472d40, 0x000001e1af472f88]
Event: 0.567 Thread 0x000001e1ca0867a0  976   !   3       java.lang.invoke.MethodHandle::setVarargs (25 bytes)
Event: 0.568 Thread 0x000001e1ca0867a0 nmethod 976 0x000001e1af473090 code [0x000001e1af4732a0, 0x000001e1af473958]
Event: 0.570 Thread 0x000001e1ca0867a0  978       3       java.lang.invoke.MethodHandleNatives::refKindIsMethod (19 bytes)

GC Heap History (0 events):
No events

Dll operation events (1 events):
Event: 0.019 Loaded shared library C:\Users\Usuario\AppData\Local\JetBrains\IntelliJ IDEA Community Edition 2023.2.5\jbr\bin\java.dll

Deoptimization events (20 events):
Event: 0.454 Thread 0x000001e1abb8c480 Uncommon trap: trap_request=0xffffff45 fr.pc=0x000001e1b6de6df4 relative=0x00000000000003d4
Event: 0.454 Thread 0x000001e1abb8c480 Uncommon trap: reason=unstable_if action=reinterpret pc=0x000001e1b6de6df4 method=java.lang.StringLatin1.newString([BII)Ljava/lang/String; @ 1 c2
Event: 0.454 Thread 0x000001e1abb8c480 DEOPT PACKING pc=0x000001e1b6de6df4 sp=0x000000acccffe990
Event: 0.454 Thread 0x000001e1abb8c480 DEOPT UNPACKING pc=0x000001e1b68869a3 sp=0x000000acccffe958 mode 2
Event: 0.560 Thread 0x000001e1ca753ca0 Uncommon trap: trap_request=0xffffffc6 fr.pc=0x000001e1b6e13f0c relative=0x00000000000000cc
Event: 0.560 Thread 0x000001e1ca753ca0 Uncommon trap: reason=bimorphic_or_optimized_type_check action=maybe_recompile pc=0x000001e1b6e13f0c method=sun.security.util.math.intpoly.IntegerPolynomial$MutableElement.setProduct(Lsun/security/util/math/IntegerModuloP;)Lsun/security/util/math/intpoly/
Event: 0.560 Thread 0x000001e1ca753ca0 DEOPT PACKING pc=0x000001e1b6e13f0c sp=0x000000acce4fe7a0
Event: 0.560 Thread 0x000001e1ca753ca0 DEOPT UNPACKING pc=0x000001e1b68869a3 sp=0x000000acce4fe720 mode 2
Event: 0.560 Thread 0x000001e1ca753ca0 Uncommon trap: trap_request=0xffffffc6 fr.pc=0x000001e1b6e13f0c relative=0x00000000000000cc
Event: 0.560 Thread 0x000001e1ca753ca0 Uncommon trap: reason=bimorphic_or_optimized_type_check action=maybe_recompile pc=0x000001e1b6e13f0c method=sun.security.util.math.intpoly.IntegerPolynomial$MutableElement.setProduct(Lsun/security/util/math/IntegerModuloP;)Lsun/security/util/math/intpoly/
Event: 0.560 Thread 0x000001e1ca753ca0 DEOPT PACKING pc=0x000001e1b6e13f0c sp=0x000000acce4fe7a0
Event: 0.560 Thread 0x000001e1ca753ca0 DEOPT UNPACKING pc=0x000001e1b68869a3 sp=0x000000acce4fe720 mode 2
Event: 0.560 Thread 0x000001e1ca753ca0 Uncommon trap: trap_request=0xffffffc6 fr.pc=0x000001e1b6e13f0c relative=0x00000000000000cc
Event: 0.560 Thread 0x000001e1ca753ca0 Uncommon trap: reason=bimorphic_or_optimized_type_check action=maybe_recompile pc=0x000001e1b6e13f0c method=sun.security.util.math.intpoly.IntegerPolynomial$MutableElement.setProduct(Lsun/security/util/math/IntegerModuloP;)Lsun/security/util/math/intpoly/
Event: 0.560 Thread 0x000001e1ca753ca0 DEOPT PACKING pc=0x000001e1b6e13f0c sp=0x000000acce4fe7a0
Event: 0.560 Thread 0x000001e1ca753ca0 DEOPT UNPACKING pc=0x000001e1b68869a3 sp=0x000000acce4fe720 mode 2
Event: 0.560 Thread 0x000001e1ca753ca0 Uncommon trap: trap_request=0xffffffc6 fr.pc=0x000001e1b6e13f0c relative=0x00000000000000cc
Event: 0.560 Thread 0x000001e1ca753ca0 Uncommon trap: reason=bimorphic_or_optimized_type_check action=maybe_recompile pc=0x000001e1b6e13f0c method=sun.security.util.math.intpoly.IntegerPolynomial$MutableElement.setProduct(Lsun/security/util/math/IntegerModuloP;)Lsun/security/util/math/intpoly/
Event: 0.560 Thread 0x000001e1ca753ca0 DEOPT PACKING pc=0x000001e1b6e13f0c sp=0x000000acce4fe7a0
Event: 0.560 Thread 0x000001e1ca753ca0 DEOPT UNPACKING pc=0x000001e1b68869a3 sp=0x000000acce4fe720 mode 2

Classes unloaded (0 events):
No events

Classes redefined (0 events):
No events

Internal exceptions (20 events):
Event: 0.330 Thread 0x000001e1abb8c480 Exception <a 'java/lang/NoSuchMethodError'{0x000000008c4ab8e8}: 'java.lang.Object java.lang.invoke.DirectMethodHandle$Holder.invokeStaticInit(java.lang.Object, int, int, int, int)'> (0x000000008c4ab8e8) 
thrown [s\src\hotspot\share\interpreter\linkResolver.cpp, line 771]
Event: 0.354 Thread 0x000001e1abb8c480 Exception <a 'java/lang/NoSuchMethodError'{0x000000008c4d3978}: 'java.lang.Object java.lang.invoke.DirectMethodHandle$Holder.invokeStaticInit(java.lang.Object, java.lang.Object, int, int, int, int)'> (0x000000008c4d3978) 
thrown [s\src\hotspot\share\interpreter\linkResolver.cpp, line 771]
Event: 0.364 Thread 0x000001e1abb8c480 Exception <a 'java/lang/NoSuchMethodError'{0x000000008c33cbb0}: 'java.lang.Object java.lang.invoke.DirectMethodHandle$Holder.invokeStatic(java.lang.Object, java.lang.Object, int)'> (0x000000008c33cbb0) 
thrown [s\src\hotspot\share\interpreter\linkResolver.cpp, line 771]
Event: 0.364 Thread 0x000001e1abb8c480 Exception <a 'java/lang/NoSuchMethodError'{0x000000008c340328}: 'java.lang.Object java.lang.invoke.DirectMethodHandle$Holder.invokeStaticInit(java.lang.Object, java.lang.Object, int)'> (0x000000008c340328) 
thrown [s\src\hotspot\share\interpreter\linkResolver.cpp, line 771]
Event: 0.364 Thread 0x000001e1abb8c480 Exception <a 'java/lang/NoSuchMethodError'{0x000000008c3466d8}: 'java.lang.Object java.lang.invoke.DirectMethodHandle$Holder.newInvokeSpecial(java.lang.Object, java.lang.Object, int)'> (0x000000008c3466d8) 
thrown [s\src\hotspot\share\interpreter\linkResolver.cpp, line 771]
Event: 0.367 Thread 0x000001e1abb8c480 Exception <a 'java/lang/NoSuchMethodError'{0x000000008c3560b8}: 'int java.lang.invoke.DirectMethodHandle$Holder.invokeStaticInit(java.lang.Object, java.lang.Object, java.lang.Object)'> (0x000000008c3560b8) 
thrown [s\src\hotspot\share\interpreter\linkResolver.cpp, line 771]
Event: 0.368 Thread 0x000001e1abb8c480 Exception <a 'java/lang/NoSuchMethodError'{0x000000008c366298}: 'int java.lang.invoke.DirectMethodHandle$Holder.invokeSpecial(java.lang.Object, java.lang.Object, java.lang.Object)'> (0x000000008c366298) 
thrown [s\src\hotspot\share\interpreter\linkResolver.cpp, line 771]
Event: 0.369 Thread 0x000001e1abb8c480 Exception <a 'java/lang/NoSuchMethodError'{0x000000008c36e678}: 'int java.lang.invoke.DirectMethodHandle$Holder.invokeSpecialIFC(java.lang.Object, java.lang.Object, java.lang.Object)'> (0x000000008c36e678) 
thrown [s\src\hotspot\share\interpreter\linkResolver.cpp, line 771]
Event: 0.390 Thread 0x000001e1abb8c480 Exception <a 'java/lang/NoSuchMethodError'{0x000000008c3fac58}: 'java.lang.Object java.lang.invoke.DirectMethodHandle$Holder.invokeStaticInit(java.lang.Object)'> (0x000000008c3fac58) 
thrown [s\src\hotspot\share\interpreter\linkResolver.cpp, line 771]
Event: 0.461 Thread 0x000001e1abb8c480 Exception <a 'java/lang/NoSuchMethodError'{0x000000008c1c6bd8}: 'java.lang.Object java.lang.invoke.DirectMethodHandle$Holder.newInvokeSpecial(java.lang.Object, java.lang.Object, java.lang.Object, java.lang.Object, java.lang.Object)'> (0x000000008c1c6bd8) 
thrown [s\src\hotspot\share\interpreter\linkResolver.cpp, line 771]
Event: 0.483 Thread 0x000001e1abb8c480 Exception <a 'java/lang/NoSuchMethodError'{0x000000008bf62858}: 'java.lang.Object java.lang.invoke.DirectMethodHandle$Holder.invokeSpecial(java.lang.Object, java.lang.Object, java.lang.Object, java.lang.Object, int)'> (0x000000008bf62858) 
thrown [s\src\hotspot\share\interpreter\linkResolver.cpp, line 771]
Event: 0.483 Thread 0x000001e1abb8c480 Exception <a 'java/lang/NoSuchMethodError'{0x000000008bf66420}: 'java.lang.Object java.lang.invoke.Invokers$Holder.linkToTargetMethod(java.lang.Object, java.lang.Object, int, java.lang.Object)'> (0x000000008bf66420) 
thrown [s\src\hotspot\share\interpreter\linkResolver.cpp, line 771]
Event: 0.489 Thread 0x000001e1abb8c480 Exception <a 'java/lang/NoSuchMethodError'{0x000000008bfc6c98}: 'void java.lang.invoke.DirectMethodHandle$Holder.invokeSpecial(java.lang.Object, java.lang.Object, java.lang.Object)'> (0x000000008bfc6c98) 
thrown [s\src\hotspot\share\interpreter\linkResolver.cpp, line 771]
Event: 0.497 Thread 0x000001e1abb8c480 Exception <a 'java/lang/NoSuchMethodError'{0x000000008be4ea60}: 'void java.lang.invoke.DirectMethodHandle$Holder.invokeSpecial(java.lang.Object, java.lang.Object, java.lang.Object, java.lang.Object, java.lang.Object)'> (0x000000008be4ea60) 
thrown [s\src\hotspot\share\interpreter\linkResolver.cpp, line 771]
Event: 0.497 Thread 0x000001e1ca6d4a20 Exception <a 'java/lang/NoSuchMethodError'{0x000000008be8ab90}: 'void java.lang.invoke.DirectMethodHandle$Holder.invokeStatic(java.lang.Object, java.lang.Object, int)'> (0x000000008be8ab90) 
thrown [s\src\hotspot\share\interpreter\linkResolver.cpp, line 771]
Event: 0.501 Thread 0x000001e1ca753ca0 Exception <a 'java/lang/NoSuchMethodError'{0x000000008bd158e8}: 'void java.lang.invoke.DirectMethodHandle$Holder.invokeInterface(java.lang.Object, java.lang.Object, java.lang.Object)'> (0x000000008bd158e8) 
thrown [s\src\hotspot\share\interpreter\linkResolver.cpp, line 771]
Event: 0.503 Thread 0x000001e1ca753ca0 Exception <a 'java/lang/NoSuchMethodError'{0x000000008bd2bdd0}: 'int java.lang.invoke.DirectMethodHandle$Holder.invokeStaticInit(java.lang.Object, int, int)'> (0x000000008bd2bdd0) 
thrown [s\src\hotspot\share\interpreter\linkResolver.cpp, line 771]
Event: 0.506 Thread 0x000001e1ca753ca0 Exception <a 'java/lang/NoSuchMethodError'{0x000000008bd6e548}: 'void java.lang.invoke.DirectMethodHandle$Holder.invokeVirtual(java.lang.Object, java.lang.Object)'> (0x000000008bd6e548) 
thrown [s\src\hotspot\share\interpreter\linkResolver.cpp, line 771]
Event: 0.540 Thread 0x000001e1ca753ca0 Exception <a 'java/lang/NoSuchMethodError'{0x000000008bcbdf50}: 'void java.lang.invoke.DirectMethodHandle$Holder.invokeInterface(java.lang.Object, java.lang.Object)'> (0x000000008bcbdf50) 
thrown [s\src\hotspot\share\interpreter\linkResolver.cpp, line 771]
Event: 0.567 Thread 0x000001e1ca753ca0 Exception <a 'java/lang/NoSuchMethodError'{0x000000008bb3ecc0}: 'void java.lang.invoke.DirectMethodHandle$Holder.invokeStatic(java.lang.Object, java.lang.Object, java.lang.Object, java.lang.Object)'> (0x000000008bb3ecc0) 
thrown [s\src\hotspot\share\interpreter\linkResolver.cpp, line 771]

VM Operations (8 events):
Event: 0.188 Executing VM operation: HandshakeAllThreads
Event: 0.188 Executing VM operation: HandshakeAllThreads done
Event: 0.204 Executing VM operation: HandshakeAllThreads
Event: 0.204 Executing VM operation: HandshakeAllThreads done
Event: 0.338 Executing VM operation: HandshakeAllThreads
Event: 0.338 Executing VM operation: HandshakeAllThreads done
Event: 0.394 Executing VM operation: HandshakeAllThreads
Event: 0.394 Executing VM operation: HandshakeAllThreads done

Events (20 events):
Event: 0.564 loading class sun/security/ssl/Finished$T12VerifyDataGenerator
Event: 0.564 loading class sun/security/ssl/Finished$T12VerifyDataGenerator done
Event: 0.564 loading class sun/security/ssl/Finished$T13VerifyDataGenerator
Event: 0.564 loading class sun/security/ssl/Finished$T13VerifyDataGenerator done
Event: 0.564 loading class sun/security/ssl/Finished$1
Event: 0.565 loading class sun/security/ssl/Finished$1 done
Event: 0.565 loading class sun/security/ssl/SSLBasicKeyDerivation
Event: 0.565 loading class sun/security/ssl/SSLBasicKeyDerivation done
Event: 0.565 loading class sun/security/ssl/SSLBasicKeyDerivation$SecretSizeSpec
Event: 0.565 loading class sun/security/ssl/SSLBasicKeyDerivation$SecretSizeSpec done
Event: 0.566 loading class jdk/internal/event/TLSHandshakeEvent
Event: 0.566 loading class jdk/internal/event/TLSHandshakeEvent done
Event: 0.566 loading class com/sun/crypto/provider/GaloisCounterMode$GCMEncrypt
Event: 0.566 loading class com/sun/crypto/provider/GaloisCounterMode$GCMEncrypt done
Event: 0.566 loading class com/sun/crypto/provider/GaloisCounterMode$GCTRGHASH
Event: 0.566 loading class com/sun/crypto/provider/GaloisCounterMode$GCTRGHASH done
Event: 0.566 loading class sun/security/ssl/CipherSuite$1
Event: 0.566 loading class sun/security/ssl/CipherSuite$1 done
Event: 0.567 loading class java/util/concurrent/CompletionException
Event: 0.567 loading class java/util/concurrent/CompletionException done


Dynamic libraries:
0x00007ff791060000 - 0x00007ff79106a000 	C:\Users\Usuario\AppData\Local\JetBrains\IntelliJ IDEA Community Edition 2023.2.5\jbr\bin\java.exe
0x00007ffdc1ef0000 - 0x00007ffdc2108000 	C:\Windows\SYSTEM32\ntdll.dll
0x00007ffdbff10000 - 0x00007ffdbffd4000 	C:\Windows\System32\KERNEL32.DLL
0x00007ffdbf7d0000 - 0x00007ffdbfb97000 	C:\Windows\System32\KERNELBASE.dll
0x00007ffdbf350000 - 0x00007ffdbf461000 	C:\Windows\System32\ucrtbase.dll
0x00007ffd888e0000 - 0x00007ffd888f7000 	C:\Users\Usuario\AppData\Local\JetBrains\IntelliJ IDEA Community Edition 2023.2.5\jbr\bin\jli.dll
0x00007ffda5e40000 - 0x00007ffda5e5b000 	C:\Users\Usuario\AppData\Local\JetBrains\IntelliJ IDEA Community Edition 2023.2.5\jbr\bin\VCRUNTIME140.dll
0x00007ffdc0980000 - 0x00007ffdc0b31000 	C:\Windows\System32\USER32.dll
0x00007ffdbf320000 - 0x00007ffdbf346000 	C:\Windows\System32\win32u.dll
0x00007ffd839e0000 - 0x00007ffd83c7c000 	C:\Windows\WinSxS\amd64_microsoft.windows.common-controls_6595b64144ccf1df_6.0.22621.6060_none_2712eda17382d24b\COMCTL32.dll
0x00007ffdbfd30000 - 0x00007ffdbfd59000 	C:\Windows\System32\GDI32.dll
0x00007ffdc19f0000 - 0x00007ffdc1a97000 	C:\Windows\System32\msvcrt.dll
0x00007ffdbf0e0000 - 0x00007ffdbf1fb000 	C:\Windows\System32\gdi32full.dll
0x00007ffdbf280000 - 0x00007ffdbf31a000 	C:\Windows\System32\msvcp_win.dll
0x00007ffdc06f0000 - 0x00007ffdc0721000 	C:\Windows\System32\IMM32.DLL
0x00007ffdb77a0000 - 0x00007ffdb77ac000 	C:\Users\Usuario\AppData\Local\JetBrains\IntelliJ IDEA Community Edition 2023.2.5\jbr\bin\vcruntime140_1.dll
0x00007ffda5db0000 - 0x00007ffda5e3d000 	C:\Users\Usuario\AppData\Local\JetBrains\IntelliJ IDEA Community Edition 2023.2.5\jbr\bin\msvcp140.dll
0x00007ffd2a800000 - 0x00007ffd2b483000 	C:\Users\Usuario\AppData\Local\JetBrains\IntelliJ IDEA Community Edition 2023.2.5\jbr\bin\server\jvm.dll
0x00007ffdc0610000 - 0x00007ffdc06c1000 	C:\Windows\System32\ADVAPI32.dll
0x00007ffdc0d90000 - 0x00007ffdc0e38000 	C:\Windows\System32\sechost.dll
0x00007ffdbf7a0000 - 0x00007ffdbf7c8000 	C:\Windows\System32\bcrypt.dll
0x00007ffdbfdf0000 - 0x00007ffdbff08000 	C:\Windows\System32\RPCRT4.dll
0x00007ffdbeef0000 - 0x00007ffdbef3d000 	C:\Windows\SYSTEM32\POWRPROF.dll
0x00007ffdb7a10000 - 0x00007ffdb7a44000 	C:\Windows\SYSTEM32\WINMM.dll
0x00007ffdb2fe0000 - 0x00007ffdb2fe9000 	C:\Windows\SYSTEM32\WSOCK32.dll
0x00007ffdbfd70000 - 0x00007ffdbfde1000 	C:\Windows\System32\WS2_32.dll
0x00007ffdb37e0000 - 0x00007ffdb37ea000 	C:\Windows\SYSTEM32\VERSION.dll
0x00007ffdbeed0000 - 0x00007ffdbeee3000 	C:\Windows\SYSTEM32\UMPDC.dll
0x00007ffdbdfd0000 - 0x00007ffdbdfe8000 	C:\Windows\SYSTEM32\kernel.appcore.dll
0x00007ffdbaa80000 - 0x00007ffdbaa8a000 	C:\Users\Usuario\AppData\Local\JetBrains\IntelliJ IDEA Community Edition 2023.2.5\jbr\bin\jimage.dll
0x00007ffdbc8e0000 - 0x00007ffdbcb13000 	C:\Windows\SYSTEM32\DBGHELP.DLL
0x00007ffdc1b10000 - 0x00007ffdc1ea1000 	C:\Windows\System32\combase.dll
0x00007ffdbffe0000 - 0x00007ffdc00b8000 	C:\Windows\System32\OLEAUT32.dll
0x00007ffd926a0000 - 0x00007ffd926d2000 	C:\Windows\SYSTEM32\dbgcore.DLL
0x00007ffdbf5b0000 - 0x00007ffdbf62b000 	C:\Windows\System32\bcryptPrimitives.dll
0x00007ffdb8780000 - 0x00007ffdb87a5000 	C:\Users\Usuario\AppData\Local\JetBrains\IntelliJ IDEA Community Edition 2023.2.5\jbr\bin\java.dll
0x00007ffdb7ff0000 - 0x00007ffdb8008000 	C:\Users\Usuario\AppData\Local\JetBrains\IntelliJ IDEA Community Edition 2023.2.5\jbr\bin\zip.dll
0x00007ffdc1140000 - 0x00007ffdc19de000 	C:\Windows\System32\SHELL32.dll
0x00007ffdbf470000 - 0x00007ffdbf5af000 	C:\Windows\System32\wintypes.dll
0x00007ffdbced0000 - 0x00007ffdbd7e2000 	C:\Windows\SYSTEM32\windows.storage.dll
0x00007ffdbfba0000 - 0x00007ffdbfca4000 	C:\Windows\System32\SHCORE.dll
0x00007ffdc1aa0000 - 0x00007ffdc1b09000 	C:\Windows\System32\shlwapi.dll
0x00007ffdbef50000 - 0x00007ffdbef75000 	C:\Windows\SYSTEM32\profapi.dll
0x00007ffdb6f90000 - 0x00007ffdb6fa9000 	C:\Users\Usuario\AppData\Local\JetBrains\IntelliJ IDEA Community Edition 2023.2.5\jbr\bin\net.dll
0x00007ffdbb5a0000 - 0x00007ffdbb6cc000 	C:\Windows\SYSTEM32\WINHTTP.dll
0x00007ffdbe490000 - 0x00007ffdbe4f9000 	C:\Windows\system32\mswsock.dll
0x00007ffdb6f70000 - 0x00007ffdb6f86000 	C:\Users\Usuario\AppData\Local\JetBrains\IntelliJ IDEA Community Edition 2023.2.5\jbr\bin\nio.dll
0x00007ffdbe7e0000 - 0x00007ffdbe7fb000 	C:\Windows\SYSTEM32\CRYPTSP.dll
0x00007ffdbdf30000 - 0x00007ffdbdf67000 	C:\Windows\system32\rsaenh.dll
0x00007ffdbe530000 - 0x00007ffdbe558000 	C:\Windows\SYSTEM32\USERENV.dll
0x00007ffdbe7c0000 - 0x00007ffdbe7cc000 	C:\Windows\SYSTEM32\CRYPTBASE.dll
0x00007ffdbda50000 - 0x00007ffdbda7d000 	C:\Windows\SYSTEM32\IPHLPAPI.DLL
0x00007ffdc0b40000 - 0x00007ffdc0b49000 	C:\Windows\System32\NSI.dll
0x00007ffdba6b0000 - 0x00007ffdba6c9000 	C:\Windows\SYSTEM32\dhcpcsvc6.DLL
0x00007ffdba430000 - 0x00007ffdba44f000 	C:\Windows\SYSTEM32\dhcpcsvc.DLL
0x00007ffdbdac0000 - 0x00007ffdbdbb8000 	C:\Windows\SYSTEM32\DNSAPI.dll
0x00007ffd8c2e0000 - 0x00007ffd8c2ee000 	C:\Users\Usuario\AppData\Local\JetBrains\IntelliJ IDEA Community Edition 2023.2.5\jbr\bin\sunmscapi.dll
0x00007ffdbf630000 - 0x00007ffdbf798000 	C:\Windows\System32\CRYPT32.dll
0x00007ffdbe8f0000 - 0x00007ffdbe91e000 	C:\Windows\SYSTEM32\ncrypt.dll
0x00007ffdbe890000 - 0x00007ffdbe8c7000 	C:\Windows\SYSTEM32\NTASN1.dll
0x00007ffd86980000 - 0x00007ffd86988000 	C:\Windows\system32\wshunix.dll

dbghelp: loaded successfully - version: 4.0.5 - missing functions: none
symbol engine: initialized successfully - sym options: 0x614 - pdb path: .;C:\Users\Usuario\AppData\Local\JetBrains\IntelliJ IDEA Community Edition 2023.2.5\jbr\bin;C:\Windows\SYSTEM32;C:\Windows\WinSxS\amd64_microsoft.windows.common-controls_6595b64144ccf1df_6.0.22621.6060_none_2712eda17382d24b;C:\Users\Usuario\AppData\Local\JetBrains\IntelliJ IDEA Community Edition 2023.2.5\jbr\bin\server

VM Arguments:
java_command: git4idea.http.GitAskPassApp Username for 'https://github.com': 
java_class_path (initial): C:/Users/Usuario/AppData/Local/JetBrains/IntelliJ IDEA Community Edition 2023.2.5/plugins/vcs-git/lib/git4idea-rt.jar;C:/Users/Usuario/AppData/Local/JetBrains/IntelliJ IDEA Community Edition 2023.2.5/lib/externalProcess-rt.jar
Launcher Type: SUN_STANDARD

[Global flags]
     intx CICompilerCount                          = 4                                         {product} {ergonomic}
     uint ConcGCThreads                            = 3                                         {product} {ergonomic}
     uint G1ConcRefinementThreads                  = 10                                        {product} {ergonomic}
   size_t G1HeapRegionSize                         = 1048576                                   {product} {ergonomic}
    uintx GCDrainStackTargetSize                   = 64                                        {product} {ergonomic}
   size_t InitialHeapSize                          = 130023424                                 {product} {ergonomic}
   size_t MarkStackSize                            = 4194304                                   {product} {ergonomic}
   size_t MaxHeapSize                              = 2067791872                                {product} {ergonomic}
   size_t MaxNewSize                               = 1240465408                                {product} {ergonomic}
   size_t MinHeapDeltaBytes                        = 1048576                                   {product} {ergonomic}
   size_t MinHeapSize                              = 8388608                                   {product} {ergonomic}
    uintx NonNMethodCodeHeapSize                   = 5839372                                {pd product} {ergonomic}
    uintx NonProfiledCodeHeapSize                  = 122909434                              {pd product} {ergonomic}
    uintx ProfiledCodeHeapSize                     = 122909434                              {pd product} {ergonomic}
    uintx ReservedCodeCacheSize                    = 251658240                              {pd product} {ergonomic}
     bool SegmentedCodeCache                       = true                                      {product} {ergonomic}
   size_t SoftMaxHeapSize                          = 2067791872                             {manageable} {ergonomic}
     bool UseCompressedClassPointers               = true                           {product lp64_product} {ergonomic}
     bool UseCompressedOops                        = true                           {product lp64_product} {ergonomic}
     bool UseG1GC                                  = true                                      {product} {ergonomic}
     bool UseLargePagesIndividualAllocation        = false                                  {pd product} {ergonomic}

Logging:
Log output configuration:
 #0: stdout all=warning uptime,level,tags
 #1: stderr all=off uptime,level,tags

Environment Variables:
PATH=C:\Users\Usuario\AppData\Local\Programs\Git\mingw64\libexec\git-core;C:\Users\Usuario\AppData\Local\Programs\Git\mingw64\libexec\git-core;C:\Users\Usuario\AppData\Local\Programs\Git\mingw64\bin;C:\Users\Usuario\AppData\Local\Programs\Git\usr\bin;C:\Users\Usuario\bin;C:\Program Files\Common Files\Oracle\Java\javapath;C:\Windows\system32;C:\Windows;C:\Windows\System32\Wbem;C:\Windows\System32\WindowsPowerShell\v1.0;C:\Windows\System32\OpenSSH;C:\Users\Usuario\Documents\apache-maven-3.9.5\bin;C:\Program Files\Inkscape\bin;C:\Program Files\dotnet;C:\Program Files\nodejs;C:\Users\Usuario\AppData\Local\Microsoft\WindowsApps;C:\Users\Usuario\AppData\Local\JetBrains\IntelliJ IDEA Community Edition 2023.2.5\bin;C:\Users\Usuario\AppData\Local\Programs\Git\cmd;C:\Users\Usuario\AppData\Local\Programs\Microsoft VS Code\bin;C:\Users\Usuario\AppData\Roaming\npm
USERNAME=Usuario
DISPLAY=:0.0
LC_ALL=en_US.UTF-8
TERM=xterm-256color
TMPDIR=C:\Users\Usuario\AppData\Local\Temp
OS=Windows_NT
PROCESSOR_IDENTIFIER=Intel64 Family 6 Model 151 Stepping 5, GenuineIntel
TMP=C:\Users\Usuario\AppData\Local\Temp
TEMP=C:\Users\Usuario\AppData\Local\Temp



Periodic native trim disabled

JNI global refs:
JNI global refs: 19, weak refs: 0

JNI global refs memory usage: 843, weak refs: 841

OOME stack traces (most recent first):
Classloader memory used:
