#
# There is insufficient memory for the Java Runtime Environment to continue.
# Native memory allocation (malloc) failed to allocate 1833408 bytes. Error detail: Chunk::new
# Possible reasons:
#   The system is out of physical RAM or swap space
#   This process is running with CompressedOops enabled, and the Java Heap may be blocking the growth of the native heap
# Possible solutions:
#   Reduce memory load on the system
#   Increase physical memory or swap space
#   Check if swap backing store is full
#   Decrease Java heap size (-Xmx/-Xms)
#   Decrease number of Java threads
#   Decrease Java thread stack sizes (-Xss)
#   Set larger code cache with -XX:ReservedCodeCacheSize=
#   JVM is running with Unscaled Compressed Oops mode in which the Java heap is
#     placed in the first 4GB address space. The Java Heap base address is the
#     maximum limit for the native heap growth. Please use -XX:HeapBaseMinAddress
#     to set the Java Heap base and to place the Java Heap above 4GB virtual address.
# This output file may be truncated or incomplete.
#
#  Out of Memory Error (arena.cpp:168), pid=2336, tid=8064
#
# JRE version: OpenJDK Runtime Environment Temurin-21.0.10+7 (21.0.10+7) (build 21.0.10+7-LTS)
# Java VM: OpenJDK 64-Bit Server VM Temurin-21.0.10+7 (21.0.10+7-LTS, mixed mode, sharing, tiered, compressed oops, compressed class ptrs, parallel gc, windows-amd64)
# No core dump will be written. Minidumps are not enabled by default on client versions of Windows
#

---------------  S U M M A R Y ------------

Command Line: --add-modules=ALL-SYSTEM --add-opens=java.base/java.util=ALL-UNNAMED --add-opens=java.base/java.lang=ALL-UNNAMED --add-opens=java.base/sun.nio.fs=ALL-UNNAMED -Declipse.application=org.eclipse.jdt.ls.core.id1 -Dosgi.bundles.defaultStartLevel=4 -Declipse.product=org.eclipse.jdt.ls.core.product -Djava.import.generatesMetadataFilesAtProjectRoot=false -DDetectVMInstallationsJob.disabled=true -Dfile.encoding=utf8 -XX:+UseParallelGC -XX:GCTimeRatio=4 -XX:AdaptiveSizePolicyWeight=90 -Dsun.zip.disableMemoryMapping=true -Xmx2G -Xms100m -Xlog:disable -javaagent:c:\Users\usuario\.vscode\extensions\redhat.java-1.54.0-win32-x64\lombok\lombok-1.18.39-4050.jar c:\Users\usuario\.vscode\extensions\redhat.java-1.54.0-win32-x64\server\plugins\org.eclipse.equinox.launcher_1.7.100.v20251111-0406.jar -configuration c:\Users\usuario\AppData\Roaming\Code\User\globalStorage\redhat.java\1.54.0\config_ss_win -data c:\Users\usuario\AppData\Roaming\Code\User\workspaceStorage\9d158d52b09e9752d6091c883d0c2920\redhat.java\ss_ws --pipe=\\.\pipe\lsp-f18ea137e606f6ea2c4bf6c08b81252a-sock

Host: Intel(R) Core(TM) i3-4170 CPU @ 3.70GHz, 4 cores, 7G,  Windows 10 , 64 bit Build 19041 (10.0.19041.5438)
Time: Wed May 20 20:06:52 2026 Hora estándar de Argentina elapsed time: 6.645035 seconds (0d 0h 0m 6s)

---------------  T H R E A D  ---------------

Current thread (0x00000282c1064e50):  JavaThread "C2 CompilerThread1" daemon [_thread_in_native, id=8064, stack(0x00000086efc00000,0x00000086efd00000) (1024K)]


Current CompileTask:
C2:6645 2602       4       org.lombokweb.asm.ClassReader::readMethod (1070 bytes)

Stack: [0x00000086efc00000,0x00000086efd00000]
Native frames: (J=compiled Java code, j=interpreted, Vv=VM code, C=native code)
V  [jvm.dll+0x6d7a39]
V  [jvm.dll+0x8b4b26]
V  [jvm.dll+0x8b70de]
V  [jvm.dll+0x8b77c3]
V  [jvm.dll+0x284346]
V  [jvm.dll+0xc66ed]
V  [jvm.dll+0xc6c31]
V  [jvm.dll+0x3bec3b]
V  [jvm.dll+0x1e3f69]
V  [jvm.dll+0x24c6b3]
V  [jvm.dll+0x24bb40]
V  [jvm.dll+0x1cb34e]
V  [jvm.dll+0x25b85d]
V  [jvm.dll+0x259dea]
V  [jvm.dll+0x3f857e]
V  [jvm.dll+0x85f59d]
V  [jvm.dll+0x6d626d]
C  [ucrtbase.dll+0x21bb2]
C  [KERNEL32.DLL+0x17374]
C  [ntdll.dll+0x4cc91]


---------------  P R O C E S S  ---------------

Threads class SMR info:
_java_thread_list=0x00000282c1350c20, length=19, elements={
0x00000282e364fdc0, 0x00000282e353be70, 0x00000282e353d780, 0x00000282e353f310,
0x00000282e3540230, 0x00000282e3543e10, 0x00000282e3544870, 0x00000282e35456b0,
0x00000282e35b8690, 0x00000282fad1ec20, 0x00000282fae53920, 0x00000282ff4b1150,
0x00000282ff1ae290, 0x00000282ff4f4010, 0x00000282ff661d10, 0x00000282ff4e3d40,
0x00000282c1064e50, 0x00000282ff7638a0, 0x00000282ff6cc600
}

Java Threads: ( => current thread )
  0x00000282e364fdc0 JavaThread "main"                              [_thread_blocked, id=7224, stack(0x00000086ee600000,0x00000086ee700000) (1024K)]
  0x00000282e353be70 JavaThread "Reference Handler"          daemon [_thread_blocked, id=9776, stack(0x00000086eea00000,0x00000086eeb00000) (1024K)]
  0x00000282e353d780 JavaThread "Finalizer"                  daemon [_thread_blocked, id=5732, stack(0x00000086eeb00000,0x00000086eec00000) (1024K)]
  0x00000282e353f310 JavaThread "Signal Dispatcher"          daemon [_thread_blocked, id=6276, stack(0x00000086eec00000,0x00000086eed00000) (1024K)]
  0x00000282e3540230 JavaThread "Attach Listener"            daemon [_thread_blocked, id=8704, stack(0x00000086eed00000,0x00000086eee00000) (1024K)]
  0x00000282e3543e10 JavaThread "Service Thread"             daemon [_thread_blocked, id=10472, stack(0x00000086eee00000,0x00000086eef00000) (1024K)]
  0x00000282e3544870 JavaThread "Monitor Deflation Thread"   daemon [_thread_blocked, id=11996, stack(0x00000086eef00000,0x00000086ef000000) (1024K)]
  0x00000282e35456b0 JavaThread "C2 CompilerThread0"         daemon [_thread_in_native, id=12732, stack(0x00000086ef000000,0x00000086ef100000) (1024K)]
  0x00000282e35b8690 JavaThread "C1 CompilerThread0"         daemon [_thread_blocked, id=6684, stack(0x00000086ef100000,0x00000086ef200000) (1024K)]
  0x00000282fad1ec20 JavaThread "Common-Cleaner"             daemon [_thread_blocked, id=5416, stack(0x00000086ef200000,0x00000086ef300000) (1024K)]
  0x00000282fae53920 JavaThread "Notification Thread"        daemon [_thread_blocked, id=7548, stack(0x00000086ef400000,0x00000086ef500000) (1024K)]
  0x00000282ff4b1150 JavaThread "Active Thread: Equinox Container: 59c2dc64-8d98-4160-9403-6938057dd19c"        [_thread_blocked, id=12248, stack(0x00000086ef800000,0x00000086ef900000) (1024K)]
  0x00000282ff1ae290 JavaThread "Framework Event Dispatcher: Equinox Container: 59c2dc64-8d98-4160-9403-6938057dd19c" daemon [_thread_blocked, id=6588, stack(0x00000086ef900000,0x00000086efa00000) (1024K)]
  0x00000282ff4f4010 JavaThread "Start Level: Equinox Container: 59c2dc64-8d98-4160-9403-6938057dd19c" daemon [_thread_in_Java, id=5644, stack(0x00000086efa00000,0x00000086efb00000) (1024K)]
  0x00000282ff661d10 JavaThread "SCR Component Actor"        daemon [_thread_blocked, id=5624, stack(0x00000086ef300000,0x00000086ef400000) (1024K)]
  0x00000282ff4e3d40 JavaThread "Worker-JM"                         [_thread_blocked, id=9144, stack(0x00000086efb00000,0x00000086efc00000) (1024K)]
=>0x00000282c1064e50 JavaThread "C2 CompilerThread1"         daemon [_thread_in_native, id=8064, stack(0x00000086efc00000,0x00000086efd00000) (1024K)]
  0x00000282ff7638a0 JavaThread "Worker-0"                          [_thread_blocked, id=7216, stack(0x00000086efd00000,0x00000086efe00000) (1024K)]
  0x00000282ff6cc600 JavaThread "Worker-1"                          [_thread_blocked, id=7092, stack(0x00000086efe00000,0x00000086eff00000) (1024K)]
Total: 19

Other Threads:
  0x00000282e351e1b0 VMThread "VM Thread"                           [id=10652, stack(0x00000086ee900000,0x00000086eea00000) (1024K)]
  0x00000282e3714030 WatcherThread "VM Periodic Task Thread"        [id=10656, stack(0x00000086ee800000,0x00000086ee900000) (1024K)]
  0x00000282e366d030 WorkerThread "GC Thread#0"                     [id=3616, stack(0x00000086ee700000,0x00000086ee800000) (1024K)]
  0x00000282fae39090 WorkerThread "GC Thread#1"                     [id=8040, stack(0x00000086ef500000,0x00000086ef600000) (1024K)]
  0x00000282fae397f0 WorkerThread "GC Thread#2"                     [id=5260, stack(0x00000086ef600000,0x00000086ef700000) (1024K)]
  0x00000282fae3a6b0 WorkerThread "GC Thread#3"                     [id=6944, stack(0x00000086ef700000,0x00000086ef800000) (1024K)]
Total: 6

Threads with active compile tasks:
C2 CompilerThread0  6706 2934       4       java.lang.String$CaseInsensitiveComparator::compare (68 bytes)
C2 CompilerThread1  6706 2602       4       org.lombokweb.asm.ClassReader::readMethod (1070 bytes)
Total: 2

VM state: not at safepoint (normal execution)

VM Mutex/Monitor currently owned by a thread: None

Heap address: 0x0000000080000000, size: 2048 MB, Compressed Oops mode: 32-bit

CDS archive(s) mapped at: [0x0000028280000000-0x0000028280ba0000-0x0000028280ba0000), size 12189696, SharedBaseAddress: 0x0000028280000000, ArchiveRelocationMode: 1.
Compressed class space mapped at: 0x0000028281000000-0x00000282c1000000, reserved size: 1073741824
Narrow klass base: 0x0000028280000000, Narrow klass shift: 0, Narrow klass range: 0x100000000

GC Precious Log:
 CardTable entry size: 512
 CPUs: 4 total, 4 available
 Memory: 8092M
 Large Page Support: Disabled
 NUMA Support: Disabled
 Compressed Oops: Enabled (32-bit)
 Alignments: Space 512K, Generation 512K, Heap 2M
 Heap Min Capacity: 100M
 Heap Initial Capacity: 100M
 Heap Max Capacity: 2G
 Pre-touch: Disabled
 Parallel Workers: 4

Heap:
 PSYoungGen      total 30720K, used 15085K [0x00000000d5580000, 0x00000000d7900000, 0x0000000100000000)
  eden space 25088K, 60% used [0x00000000d5580000,0x00000000d643b588,0x00000000d6e00000)
  from space 5632K, 0% used [0x00000000d7380000,0x00000000d7380000,0x00000000d7900000)
  to   space 5632K, 0% used [0x00000000d6e00000,0x00000000d6e00000,0x00000000d7380000)
 ParOldGen       total 68608K, used 10216K [0x0000000080000000, 0x0000000084300000, 0x00000000d5580000)
  object space 68608K, 14% used [0x0000000080000000,0x00000000809fa070,0x0000000084300000)
 Metaspace       used 23642K, committed 24320K, reserved 1114112K
  class space    used 2285K, committed 2624K, reserved 1048576K

Card table byte_map: [0x00000282e3000000,0x00000282e3410000] _byte_map_base: 0x00000282e2c00000

Marking Bits: (ParMarkBitMap*) 0x00007fffbc4c3450
 Begin Bits: [0x00000282f5b10000, 0x00000282f7b10000)
 End Bits:   [0x00000282f7b10000, 0x00000282f9b10000)

Polling page: 0x00000282e14e0000

Metaspace:

Usage:
  Non-class:     20.86 MB used.
      Class:      2.23 MB used.
       Both:     23.09 MB used.

Virtual space:
  Non-class space:       64.00 MB reserved,      21.19 MB ( 33%) committed,  1 nodes.
      Class space:        1.00 GB reserved,       2.56 MB ( <1%) committed,  1 nodes.
             Both:        1.06 GB reserved,      23.75 MB (  2%) committed. 

Chunk freelists:
   Non-Class:  10.51 MB
       Class:  13.44 MB
        Both:  23.94 MB

MaxMetaspaceSize: unlimited
CompressedClassSpaceSize: 1.00 GB
Initial GC threshold: 21.00 MB
Current GC threshold: 35.00 MB
CDS: on
 - commit_granule_bytes: 65536.
 - commit_granule_words: 8192.
 - virtual_space_node_default_size: 8388608.
 - enlarge_chunks_in_place: 1.
 - use_allocation_guard: 0.


Internal statistics:

num_allocs_failed_limit: 3.
num_arena_births: 498.
num_arena_deaths: 14.
num_vsnodes_births: 2.
num_vsnodes_deaths: 0.
num_space_committed: 380.
num_space_uncommitted: 0.
num_chunks_returned_to_freelist: 17.
num_chunks_taken_from_freelist: 1339.
num_chunk_merges: 8.
num_chunk_splits: 874.
num_chunks_enlarged: 576.
num_inconsistent_stats: 0.

CodeHeap 'non-profiled nmethods': size=120000Kb used=1294Kb max_used=1294Kb free=118705Kb
 bounds [0x00000282ee330000, 0x00000282ee5a0000, 0x00000282f5860000]
CodeHeap 'profiled nmethods': size=120000Kb used=5983Kb max_used=5983Kb free=114016Kb
 bounds [0x00000282e6860000, 0x00000282e6e40000, 0x00000282edd90000]
CodeHeap 'non-nmethods': size=5760Kb used=1313Kb max_used=1331Kb free=4446Kb
 bounds [0x00000282edd90000, 0x00000282ee000000, 0x00000282ee330000]
CodeCache: size=245760Kb, used=8590Kb, max_used=8608Kb, free=237167Kb
 total_blobs=3595, nmethods=2997, adapters=504, full_count=0
Compilation: enabled, stopped_count=0, restarted_count=0

Compilation events (20 events):
Event: 6.639 Thread 0x00000282e35456b0 2930       4       java.lang.CharacterData::of (136 bytes)
Event: 6.639 Thread 0x00000282e35456b0 nmethod 2930 0x00000282ee46d810 code [0x00000282ee46d9a0, 0x00000282ee46da48]
Event: 6.640 Thread 0x00000282e35b8690 nmethod 2926 0x00000282e6e1d610 code [0x00000282e6e1d880, 0x00000282e6e1e368]
Event: 6.640 Thread 0x00000282e35b8690 2928       3       java.util.TreeMap$Entry::<init> (25 bytes)
Event: 6.640 Thread 0x00000282e35b8690 nmethod 2928 0x00000282e6e1e690 code [0x00000282e6e1e840, 0x00000282e6e1e9f0]
Event: 6.640 Thread 0x00000282e35b8690 2918       3       java.util.TreeMap::addEntry (59 bytes)
Event: 6.640 Thread 0x00000282e35b8690 nmethod 2918 0x00000282e6e1ea90 code [0x00000282e6e1ec60, 0x00000282e6e1efb8]
Event: 6.640 Thread 0x00000282e35b8690 2920       2       java.lang.Character::toLowerCase (6 bytes)
Event: 6.640 Thread 0x00000282e35b8690 nmethod 2920 0x00000282e6e1f190 code [0x00000282e6e1f340, 0x00000282e6e1f488]
Event: 6.640 Thread 0x00000282e35b8690 2931       3       java.util.TreeMap::putIfAbsent (8 bytes)
Event: 6.640 Thread 0x00000282e35b8690 nmethod 2931 0x00000282e6e1f590 code [0x00000282e6e1f740, 0x00000282e6e1f880]
Event: 6.640 Thread 0x00000282e35b8690 2932       3       java.util.TreeMap::rotateLeft (96 bytes)
Event: 6.641 Thread 0x00000282e35b8690 nmethod 2932 0x00000282e6e1f910 code [0x00000282e6e1fac0, 0x00000282e6e1fdb0]
Event: 6.641 Thread 0x00000282e35b8690 2921       2       java.lang.Character::toLowerCase (9 bytes)
Event: 6.641 Thread 0x00000282e35b8690 nmethod 2921 0x00000282e6e1ff10 code [0x00000282e6e200c0, 0x00000282e6e20200]
Event: 6.641 Thread 0x00000282e35b8690 2923       3       java.lang.String$CaseInsensitiveComparator::compare (13 bytes)
Event: 6.641 Thread 0x00000282e35b8690 nmethod 2923 0x00000282e6e20290 code [0x00000282e6e20440, 0x00000282e6e20768]
Event: 6.641 Thread 0x00000282e35b8690 2924       3       java.lang.String$CaseInsensitiveComparator::compare (68 bytes)
Event: 6.642 Thread 0x00000282e35b8690 nmethod 2924 0x00000282e6e20890 code [0x00000282e6e20aa0, 0x00000282e6e20f28]
Event: 6.642 Thread 0x00000282e35456b0 2933       4       java.lang.String$CaseInsensitiveComparator::compare (13 bytes)

GC Heap History (14 events):
Event: 3.270 GC heap before
{Heap before GC invocations=1 (full 0):
 PSYoungGen      total 29696K, used 25600K [0x00000000d5580000, 0x00000000d7680000, 0x0000000100000000)
  eden space 25600K, 100% used [0x00000000d5580000,0x00000000d6e80000,0x00000000d6e80000)
  from space 4096K, 0% used [0x00000000d7280000,0x00000000d7280000,0x00000000d7680000)
  to   space 4096K, 0% used [0x00000000d6e80000,0x00000000d6e80000,0x00000000d7280000)
 ParOldGen       total 68608K, used 0K [0x0000000080000000, 0x0000000084300000, 0x00000000d5580000)
  object space 68608K, 0% used [0x0000000080000000,0x0000000080000000,0x0000000084300000)
 Metaspace       used 4387K, committed 4608K, reserved 1114112K
  class space    used 475K, committed 576K, reserved 1048576K
}
Event: 3.284 GC heap after
{Heap after GC invocations=1 (full 0):
 PSYoungGen      total 29696K, used 3280K [0x00000000d5580000, 0x00000000d7680000, 0x0000000100000000)
  eden space 25600K, 0% used [0x00000000d5580000,0x00000000d5580000,0x00000000d6e80000)
  from space 4096K, 80% used [0x00000000d6e80000,0x00000000d71b4148,0x00000000d7280000)
  to   space 4096K, 0% used [0x00000000d7280000,0x00000000d7280000,0x00000000d7680000)
 ParOldGen       total 68608K, used 0K [0x0000000080000000, 0x0000000084300000, 0x00000000d5580000)
  object space 68608K, 0% used [0x0000000080000000,0x0000000080000000,0x0000000084300000)
 Metaspace       used 4387K, committed 4608K, reserved 1114112K
  class space    used 475K, committed 576K, reserved 1048576K
}
Event: 4.494 GC heap before
{Heap before GC invocations=2 (full 0):
 PSYoungGen      total 29696K, used 28880K [0x00000000d5580000, 0x00000000d7680000, 0x0000000100000000)
  eden space 25600K, 100% used [0x00000000d5580000,0x00000000d6e80000,0x00000000d6e80000)
  from space 4096K, 80% used [0x00000000d6e80000,0x00000000d71b4148,0x00000000d7280000)
  to   space 4096K, 0% used [0x00000000d7280000,0x00000000d7280000,0x00000000d7680000)
 ParOldGen       total 68608K, used 0K [0x0000000080000000, 0x0000000084300000, 0x00000000d5580000)
  object space 68608K, 0% used [0x0000000080000000,0x0000000080000000,0x0000000084300000)
 Metaspace       used 8197K, committed 8512K, reserved 1114112K
  class space    used 869K, committed 1024K, reserved 1048576K
}
Event: 4.500 GC heap after
{Heap after GC invocations=2 (full 0):
 PSYoungGen      total 29696K, used 4075K [0x00000000d5580000, 0x00000000d7680000, 0x0000000100000000)
  eden space 25600K, 0% used [0x00000000d5580000,0x00000000d5580000,0x00000000d6e80000)
  from space 4096K, 99% used [0x00000000d7280000,0x00000000d767aff8,0x00000000d7680000)
  to   space 4096K, 0% used [0x00000000d6e80000,0x00000000d6e80000,0x00000000d7280000)
 ParOldGen       total 68608K, used 1155K [0x0000000080000000, 0x0000000084300000, 0x00000000d5580000)
  object space 68608K, 1% used [0x0000000080000000,0x0000000080120e80,0x0000000084300000)
 Metaspace       used 8197K, committed 8512K, reserved 1114112K
  class space    used 869K, committed 1024K, reserved 1048576K
}
Event: 5.198 GC heap before
{Heap before GC invocations=3 (full 0):
 PSYoungGen      total 29696K, used 29675K [0x00000000d5580000, 0x00000000d7680000, 0x0000000100000000)
  eden space 25600K, 100% used [0x00000000d5580000,0x00000000d6e80000,0x00000000d6e80000)
  from space 4096K, 99% used [0x00000000d7280000,0x00000000d767aff8,0x00000000d7680000)
  to   space 4096K, 0% used [0x00000000d6e80000,0x00000000d6e80000,0x00000000d7280000)
 ParOldGen       total 68608K, used 1155K [0x0000000080000000, 0x0000000084300000, 0x00000000d5580000)
  object space 68608K, 1% used [0x0000000080000000,0x0000000080120e80,0x0000000084300000)
 Metaspace       used 13050K, committed 13568K, reserved 1114112K
  class space    used 1380K, committed 1600K, reserved 1048576K
}
Event: 5.206 GC heap after
{Heap after GC invocations=3 (full 0):
 PSYoungGen      total 29696K, used 4076K [0x00000000d5580000, 0x00000000d7680000, 0x0000000100000000)
  eden space 25600K, 0% used [0x00000000d5580000,0x00000000d5580000,0x00000000d6e80000)
  from space 4096K, 99% used [0x00000000d6e80000,0x00000000d727b0a8,0x00000000d7280000)
  to   space 4096K, 0% used [0x00000000d7280000,0x00000000d7280000,0x00000000d7680000)
 ParOldGen       total 68608K, used 2838K [0x0000000080000000, 0x0000000084300000, 0x00000000d5580000)
  object space 68608K, 4% used [0x0000000080000000,0x00000000802c59b0,0x0000000084300000)
 Metaspace       used 13050K, committed 13568K, reserved 1114112K
  class space    used 1380K, committed 1600K, reserved 1048576K
}
Event: 5.700 GC heap before
{Heap before GC invocations=4 (full 0):
 PSYoungGen      total 29696K, used 29676K [0x00000000d5580000, 0x00000000d7680000, 0x0000000100000000)
  eden space 25600K, 100% used [0x00000000d5580000,0x00000000d6e80000,0x00000000d6e80000)
  from space 4096K, 99% used [0x00000000d6e80000,0x00000000d727b0a8,0x00000000d7280000)
  to   space 4096K, 0% used [0x00000000d7280000,0x00000000d7280000,0x00000000d7680000)
 ParOldGen       total 68608K, used 2838K [0x0000000080000000, 0x0000000084300000, 0x00000000d5580000)
  object space 68608K, 4% used [0x0000000080000000,0x00000000802c59b0,0x0000000084300000)
 Metaspace       used 15980K, committed 16640K, reserved 1114112K
  class space    used 1658K, committed 1920K, reserved 1048576K
}
Event: 5.706 GC heap after
{Heap after GC invocations=4 (full 0):
 PSYoungGen      total 29696K, used 4068K [0x00000000d5580000, 0x00000000d7680000, 0x0000000100000000)
  eden space 25600K, 0% used [0x00000000d5580000,0x00000000d5580000,0x00000000d6e80000)
  from space 4096K, 99% used [0x00000000d7280000,0x00000000d7679050,0x00000000d7680000)
  to   space 4096K, 0% used [0x00000000d6e80000,0x00000000d6e80000,0x00000000d7280000)
 ParOldGen       total 68608K, used 5283K [0x0000000080000000, 0x0000000084300000, 0x00000000d5580000)
  object space 68608K, 7% used [0x0000000080000000,0x0000000080528fd0,0x0000000084300000)
 Metaspace       used 15980K, committed 16640K, reserved 1114112K
  class space    used 1658K, committed 1920K, reserved 1048576K
}
Event: 6.043 GC heap before
{Heap before GC invocations=5 (full 0):
 PSYoungGen      total 29696K, used 29663K [0x00000000d5580000, 0x00000000d7680000, 0x0000000100000000)
  eden space 25600K, 99% used [0x00000000d5580000,0x00000000d6e7edd8,0x00000000d6e80000)
  from space 4096K, 99% used [0x00000000d7280000,0x00000000d7679050,0x00000000d7680000)
  to   space 4096K, 0% used [0x00000000d6e80000,0x00000000d6e80000,0x00000000d7280000)
 ParOldGen       total 68608K, used 5283K [0x0000000080000000, 0x0000000084300000, 0x00000000d5580000)
  object space 68608K, 7% used [0x0000000080000000,0x0000000080528fd0,0x0000000084300000)
 Metaspace       used 20194K, committed 20864K, reserved 1114112K
  class space    used 1968K, committed 2240K, reserved 1048576K
}
Event: 6.052 GC heap after
{Heap after GC invocations=5 (full 0):
 PSYoungGen      total 29184K, used 4080K [0x00000000d5580000, 0x00000000d7900000, 0x0000000100000000)
  eden space 25088K, 0% used [0x00000000d5580000,0x00000000d5580000,0x00000000d6e00000)
  from space 4096K, 99% used [0x00000000d6e80000,0x00000000d727c190,0x00000000d7280000)
  to   space 5632K, 0% used [0x00000000d7380000,0x00000000d7380000,0x00000000d7900000)
 ParOldGen       total 68608K, used 6109K [0x0000000080000000, 0x0000000084300000, 0x00000000d5580000)
  object space 68608K, 8% used [0x0000000080000000,0x00000000805f7498,0x0000000084300000)
 Metaspace       used 20194K, committed 20864K, reserved 1114112K
  class space    used 1968K, committed 2240K, reserved 1048576K
}
Event: 6.248 GC heap before
{Heap before GC invocations=6 (full 0):
 PSYoungGen      total 29184K, used 23396K [0x00000000d5580000, 0x00000000d7900000, 0x0000000100000000)
  eden space 25088K, 76% used [0x00000000d5580000,0x00000000d685ce80,0x00000000d6e00000)
  from space 4096K, 99% used [0x00000000d6e80000,0x00000000d727c190,0x00000000d7280000)
  to   space 5632K, 0% used [0x00000000d7380000,0x00000000d7380000,0x00000000d7900000)
 ParOldGen       total 68608K, used 6109K [0x0000000080000000, 0x0000000084300000, 0x00000000d5580000)
  object space 68608K, 8% used [0x0000000080000000,0x00000000805f7498,0x0000000084300000)
 Metaspace       used 20942K, committed 21504K, reserved 1114112K
  class space    used 2010K, committed 2240K, reserved 1048576K
}
Event: 6.254 GC heap after
{Heap after GC invocations=6 (full 0):
 PSYoungGen      total 30720K, used 5324K [0x00000000d5580000, 0x00000000d7900000, 0x0000000100000000)
  eden space 25088K, 0% used [0x00000000d5580000,0x00000000d5580000,0x00000000d6e00000)
  from space 5632K, 94% used [0x00000000d7380000,0x00000000d78b3190,0x00000000d7900000)
  to   space 5632K, 0% used [0x00000000d6e00000,0x00000000d6e00000,0x00000000d7380000)
 ParOldGen       total 68608K, used 6898K [0x0000000080000000, 0x0000000084300000, 0x00000000d5580000)
  object space 68608K, 10% used [0x0000000080000000,0x00000000806bc9a8,0x0000000084300000)
 Metaspace       used 20942K, committed 21504K, reserved 1114112K
  class space    used 2010K, committed 2240K, reserved 1048576K
}
Event: 6.254 GC heap before
{Heap before GC invocations=7 (full 1):
 PSYoungGen      total 30720K, used 5324K [0x00000000d5580000, 0x00000000d7900000, 0x0000000100000000)
  eden space 25088K, 0% used [0x00000000d5580000,0x00000000d5580000,0x00000000d6e00000)
  from space 5632K, 94% used [0x00000000d7380000,0x00000000d78b3190,0x00000000d7900000)
  to   space 5632K, 0% used [0x00000000d6e00000,0x00000000d6e00000,0x00000000d7380000)
 ParOldGen       total 68608K, used 6898K [0x0000000080000000, 0x0000000084300000, 0x00000000d5580000)
  object space 68608K, 10% used [0x0000000080000000,0x00000000806bc9a8,0x0000000084300000)
 Metaspace       used 20942K, committed 21504K, reserved 1114112K
  class space    used 2010K, committed 2240K, reserved 1048576K
}
Event: 6.283 GC heap after
{Heap after GC invocations=7 (full 1):
 PSYoungGen      total 30720K, used 0K [0x00000000d5580000, 0x00000000d7900000, 0x0000000100000000)
  eden space 25088K, 0% used [0x00000000d5580000,0x00000000d5580000,0x00000000d6e00000)
  from space 5632K, 0% used [0x00000000d7380000,0x00000000d7380000,0x00000000d7900000)
  to   space 5632K, 0% used [0x00000000d6e00000,0x00000000d6e00000,0x00000000d7380000)
 ParOldGen       total 68608K, used 10216K [0x0000000080000000, 0x0000000084300000, 0x00000000d5580000)
  object space 68608K, 14% used [0x0000000080000000,0x00000000809fa070,0x0000000084300000)
 Metaspace       used 20929K, committed 21504K, reserved 1114112K
  class space    used 2007K, committed 2240K, reserved 1048576K
}

Dll operation events (9 events):
Event: 0.191 Loaded shared library c:\Users\usuario\.vscode\extensions\redhat.java-1.54.0-win32-x64\jre\21.0.10-win32-x86_64\bin\java.dll
Event: 1.606 Loaded shared library c:\Users\usuario\.vscode\extensions\redhat.java-1.54.0-win32-x64\jre\21.0.10-win32-x86_64\bin\zip.dll
Event: 1.654 Loaded shared library C:\Users\usuario\.vscode\extensions\redhat.java-1.54.0-win32-x64\jre\21.0.10-win32-x86_64\bin\instrument.dll
Event: 1.752 Loaded shared library C:\Users\usuario\.vscode\extensions\redhat.java-1.54.0-win32-x64\jre\21.0.10-win32-x86_64\bin\net.dll
Event: 1.784 Loaded shared library C:\Users\usuario\.vscode\extensions\redhat.java-1.54.0-win32-x64\jre\21.0.10-win32-x86_64\bin\nio.dll
Event: 1.788 Loaded shared library C:\Users\usuario\.vscode\extensions\redhat.java-1.54.0-win32-x64\jre\21.0.10-win32-x86_64\bin\zip.dll
Event: 1.829 Loaded shared library C:\Users\usuario\.vscode\extensions\redhat.java-1.54.0-win32-x64\jre\21.0.10-win32-x86_64\bin\jimage.dll
Event: 2.012 Loaded shared library c:\Users\usuario\.vscode\extensions\redhat.java-1.54.0-win32-x64\jre\21.0.10-win32-x86_64\bin\verify.dll
Event: 4.457 Loaded shared library C:\Users\usuario\AppData\Roaming\Code\User\globalStorage\redhat.java\1.54.0\config_ss_win\org.eclipse.equinox.launcher\org.eclipse.equinox.launcher.win32.win32.x86_64_1.3.0.v20260203-2149\eclipse_11919.dll

Deoptimization events (20 events):
Event: 6.346 Thread 0x00000282ff4f4010 Uncommon trap: trap_request=0xffffffc6 fr.pc=0x00000282ee3e75e8 relative=0x0000000000000a28
Event: 6.346 Thread 0x00000282ff4f4010 Uncommon trap: reason=bimorphic_or_optimized_type_check action=maybe_recompile pc=0x00000282ee3e75e8 method=java.util.HashMap.putVal(ILjava/lang/Object;Ljava/lang/Object;ZZ)Ljava/lang/Object; @ 56 c2
Event: 6.346 Thread 0x00000282ff4f4010 DEOPT PACKING pc=0x00000282ee3e75e8 sp=0x00000086efafdcf0
Event: 6.346 Thread 0x00000282ff4f4010 DEOPT UNPACKING pc=0x00000282edde3aa2 sp=0x00000086efafdbf0 mode 2
Event: 6.347 Thread 0x00000282ff4f4010 Uncommon trap: trap_request=0xffffffc6 fr.pc=0x00000282ee3e75e8 relative=0x0000000000000a28
Event: 6.347 Thread 0x00000282ff4f4010 Uncommon trap: reason=bimorphic_or_optimized_type_check action=maybe_recompile pc=0x00000282ee3e75e8 method=java.util.HashMap.putVal(ILjava/lang/Object;Ljava/lang/Object;ZZ)Ljava/lang/Object; @ 56 c2
Event: 6.347 Thread 0x00000282ff4f4010 DEOPT PACKING pc=0x00000282ee3e75e8 sp=0x00000086efafdcf0
Event: 6.347 Thread 0x00000282ff4f4010 DEOPT UNPACKING pc=0x00000282edde3aa2 sp=0x00000086efafdbf0 mode 2
Event: 6.360 Thread 0x00000282ff4f4010 Uncommon trap: trap_request=0xffffff45 fr.pc=0x00000282ee452afc relative=0x000000000000097c
Event: 6.360 Thread 0x00000282ff4f4010 Uncommon trap: reason=unstable_if action=reinterpret pc=0x00000282ee452afc method=java.util.regex.Pattern$BmpCharPropertyGreedy.match(Ljava/util/regex/Matcher;ILjava/lang/CharSequence;)Z @ 12 c2
Event: 6.360 Thread 0x00000282ff4f4010 DEOPT PACKING pc=0x00000282ee452afc sp=0x00000086efafd8a0
Event: 6.360 Thread 0x00000282ff4f4010 DEOPT UNPACKING pc=0x00000282edde3aa2 sp=0x00000086efafd768 mode 2
Event: 6.568 Thread 0x00000282ff4f4010 Uncommon trap: trap_request=0xffffffde fr.pc=0x00000282ee464a0c relative=0x00000000000006ec
Event: 6.568 Thread 0x00000282ff4f4010 Uncommon trap: reason=class_check action=maybe_recompile pc=0x00000282ee464a0c method=java.util.HashMap.putVal(ILjava/lang/Object;Ljava/lang/Object;ZZ)Ljava/lang/Object; @ 91 c2
Event: 6.568 Thread 0x00000282ff4f4010 DEOPT PACKING pc=0x00000282ee464a0c sp=0x00000086efafda10
Event: 6.568 Thread 0x00000282ff4f4010 DEOPT UNPACKING pc=0x00000282edde3aa2 sp=0x00000086efafd900 mode 2
Event: 6.568 Thread 0x00000282ff4f4010 Uncommon trap: trap_request=0xffffffde fr.pc=0x00000282ee464a0c relative=0x00000000000006ec
Event: 6.568 Thread 0x00000282ff4f4010 Uncommon trap: reason=class_check action=maybe_recompile pc=0x00000282ee464a0c method=java.util.HashMap.putVal(ILjava/lang/Object;Ljava/lang/Object;ZZ)Ljava/lang/Object; @ 91 c2
Event: 6.568 Thread 0x00000282ff4f4010 DEOPT PACKING pc=0x00000282ee464a0c sp=0x00000086efafda10
Event: 6.568 Thread 0x00000282ff4f4010 DEOPT UNPACKING pc=0x00000282edde3aa2 sp=0x00000086efafd900 mode 2

Classes loaded (20 events):
Event: 6.631 Loading class com/sun/org/apache/xml/internal/serializer/AttributesImplSerializer
Event: 6.631 Loading class org/xml/sax/helpers/AttributesImpl
Event: 6.631 Loading class org/xml/sax/helpers/AttributesImpl done
Event: 6.631 Loading class com/sun/org/apache/xml/internal/serializer/AttributesImplSerializer done
Event: 6.631 Loading class com/sun/org/apache/xml/internal/serializer/ElemContext
Event: 6.631 Loading class com/sun/org/apache/xml/internal/serializer/ElemContext done
Event: 6.631 Loading class com/sun/org/apache/xml/internal/serializer/ToStream$BoolStack
Event: 6.631 Loading class com/sun/org/apache/xml/internal/serializer/ToStream$BoolStack done
Event: 6.631 Loading class com/sun/org/apache/xml/internal/serializer/EncodingInfo
Event: 6.631 Loading class com/sun/org/apache/xml/internal/serializer/EncodingInfo done
Event: 6.631 Loading class com/sun/org/apache/xml/internal/serializer/ToStream$CharacterBuffer
Event: 6.631 Loading class com/sun/org/apache/xml/internal/serializer/ToStream$CharacterBuffer done
Event: 6.631 Loading class com/sun/org/apache/xml/internal/serializer/Encodings
Event: 6.631 Loading class com/sun/org/apache/xml/internal/serializer/Encodings done
Event: 6.631 Loading class com/sun/org/apache/xml/internal/serializer/Encodings$EncodingInfos
Event: 6.631 Loading class com/sun/org/apache/xml/internal/serializer/Encodings$EncodingInfos done
Event: 6.632 Loading class java/nio/charset/Charset$ExtendedProviderHolder
Event: 6.632 Loading class java/nio/charset/Charset$ExtendedProviderHolder done
Event: 6.632 Loading class java/nio/charset/Charset$ExtendedProviderHolder$1
Event: 6.632 Loading class java/nio/charset/Charset$ExtendedProviderHolder$1 done

Classes unloaded (7 events):
Event: 6.260 Thread 0x00000282e351e1b0 Unloading class 0x000002828118a000 'java/lang/invoke/LambdaForm$MH+0x000002828118a000'
Event: 6.260 Thread 0x00000282e351e1b0 Unloading class 0x0000028281189c00 'java/lang/invoke/LambdaForm$MH+0x0000028281189c00'
Event: 6.260 Thread 0x00000282e351e1b0 Unloading class 0x0000028281189800 'java/lang/invoke/LambdaForm$MH+0x0000028281189800'
Event: 6.260 Thread 0x00000282e351e1b0 Unloading class 0x0000028281189400 'java/lang/invoke/LambdaForm$MH+0x0000028281189400'
Event: 6.260 Thread 0x00000282e351e1b0 Unloading class 0x0000028281189000 'java/lang/invoke/LambdaForm$BMH+0x0000028281189000'
Event: 6.260 Thread 0x00000282e351e1b0 Unloading class 0x0000028281188c00 'java/lang/invoke/LambdaForm$DMH+0x0000028281188c00'
Event: 6.260 Thread 0x00000282e351e1b0 Unloading class 0x0000028281183800 'java/lang/invoke/LambdaForm$DMH+0x0000028281183800'

Classes redefined (0 events):
No events

Internal exceptions (20 events):
Event: 5.462 Thread 0x00000282ff4f4010 Exception <a 'java/lang/NoSuchMethodError'{0x00000000d5e968f8}: 'int java.lang.invoke.DirectMethodHandle$Holder.invokeStaticInit(java.lang.Object, java.lang.Object, java.lang.Object)'> (0x00000000d5e968f8) 
thrown [s\src\hotspot\share\interpreter\linkResolver.cpp, line 773]
Event: 5.478 Thread 0x00000282ff4f4010 Exception <a 'java/lang/IncompatibleClassChangeError'{0x00000000d5f33940}: Found class java.lang.Object, but interface was expected> (0x00000000d5f33940) 
thrown [s\src\hotspot\share\interpreter\linkResolver.cpp, line 840]
Event: 5.479 Thread 0x00000282ff4f4010 Exception <a 'java/lang/NoSuchMethodError'{0x00000000d5f374f0}: 'java.lang.Object java.lang.invoke.DirectMethodHandle$Holder.invokeSpecial(java.lang.Object, java.lang.Object, java.lang.Object, int, java.lang.Object, java.lang.Object)'> (0x00000000d5f374f0) 
thrown [s\src\hotspot\share\interpreter\linkResolver.cpp, line 773]
Event: 5.480 Thread 0x00000282ff4f4010 Exception <a 'java/lang/NoSuchMethodError'{0x00000000d5f3efc8}: 'java.lang.Object java.lang.invoke.DirectMethodHandle$Holder.newInvokeSpecial(java.lang.Object, java.lang.Object, java.lang.Object, int, java.lang.Object)'> (0x00000000d5f3efc8) 
thrown [s\src\hotspot\share\interpreter\linkResolver.cpp, line 773]
Event: 5.480 Thread 0x00000282ff4f4010 Exception <a 'java/lang/NoSuchMethodError'{0x00000000d5f42f48}: 'java.lang.Object java.lang.invoke.DirectMethodHandle$Holder.invokeSpecial(java.lang.Object, java.lang.Object, java.lang.Object, java.lang.Object, int, java.lang.Object)'> (0x00000000d5f42f48) 
thrown [s\src\hotspot\share\interpreter\linkResolver.cpp, line 773]
Event: 5.480 Thread 0x00000282ff4f4010 Exception <a 'java/lang/NoSuchMethodError'{0x00000000d5f46a88}: 'java.lang.Object java.lang.invoke.Invokers$Holder.linkToTargetMethod(java.lang.Object, java.lang.Object, int, java.lang.Object, java.lang.Object)'> (0x00000000d5f46a88) 
thrown [s\src\hotspot\share\interpreter\linkResolver.cpp, line 773]
Event: 5.482 Thread 0x00000282ff7638a0 Exception <a 'java/lang/NoSuchMethodError'{0x00000000d5e5f858}: 'java.lang.Object java.lang.invoke.DirectMethodHandle$Holder.invokeSpecial(java.lang.Object, java.lang.Object, int, java.lang.Object, java.lang.Object)'> (0x00000000d5e5f858) 
thrown [s\src\hotspot\share\interpreter\linkResolver.cpp, line 773]
Event: 5.482 Thread 0x00000282ff7638a0 Exception <a 'java/lang/NoSuchMethodError'{0x00000000d5e66590}: 'java.lang.Object java.lang.invoke.DirectMethodHandle$Holder.newInvokeSpecial(java.lang.Object, java.lang.Object, int, java.lang.Object)'> (0x00000000d5e66590) 
thrown [s\src\hotspot\share\interpreter\linkResolver.cpp, line 773]
Event: 5.483 Thread 0x00000282ff7638a0 Exception <a 'java/lang/NoSuchMethodError'{0x00000000d5e69e70}: 'java.lang.Object java.lang.invoke.DirectMethodHandle$Holder.invokeSpecial(java.lang.Object, java.lang.Object, java.lang.Object, int, java.lang.Object)'> (0x00000000d5e69e70) 
thrown [s\src\hotspot\share\interpreter\linkResolver.cpp, line 773]
Event: 5.508 Thread 0x00000282ff4f4010 Exception <a 'java/lang/NoSuchMethodError'{0x00000000d6091db8}: 'void java.lang.invoke.DirectMethodHandle$Holder.invokeSpecial(java.lang.Object, java.lang.Object, java.lang.Object, java.lang.Object, java.lang.Object)'> (0x00000000d6091db8) 
thrown [s\src\hotspot\share\interpreter\linkResolver.cpp, line 773]
Event: 5.549 Thread 0x00000282ff4f4010 Exception <a 'java/lang/NoSuchMethodError'{0x00000000d62880e8}: 'double java.lang.invoke.DirectMethodHandle$Holder.invokeStatic(java.lang.Object, java.lang.Object)'> (0x00000000d62880e8) 
thrown [s\src\hotspot\share\interpreter\linkResolver.cpp, line 773]
Event: 5.549 Thread 0x00000282ff4f4010 Exception <a 'java/lang/NoSuchMethodError'{0x00000000d628b7a8}: 'double java.lang.invoke.DirectMethodHandle$Holder.invokeStaticInit(java.lang.Object, java.lang.Object)'> (0x00000000d628b7a8) 
thrown [s\src\hotspot\share\interpreter\linkResolver.cpp, line 773]
Event: 5.936 Thread 0x00000282ff4f4010 Implicit null exception at 0x00000282ee447575 to 0x00000282ee447650
Event: 6.096 Thread 0x00000282ff4f4010 Exception <a 'java/io/FileNotFoundException'{0x00000000d6130f10}> (0x00000000d6130f10) 
thrown [s\src\hotspot\share\prims\jni.cpp, line 520]
Event: 6.097 Thread 0x00000282ff4f4010 Exception <a 'java/io/FileNotFoundException'{0x00000000d6131f60}> (0x00000000d6131f60) 
thrown [s\src\hotspot\share\prims\jni.cpp, line 520]
Event: 6.300 Thread 0x00000282ff4f4010 Exception <a 'java/lang/NoSuchMethodError'{0x00000000d5686f40}: 'java.lang.Object java.lang.invoke.DirectMethodHandle$Holder.newInvokeSpecial(java.lang.Object, int, java.lang.Object, java.lang.Object)'> (0x00000000d5686f40) 
thrown [s\src\hotspot\share\interpreter\linkResolver.cpp, line 773]
Event: 6.354 Thread 0x00000282ff4f4010 Exception <a 'sun/nio/fs/WindowsException'{0x00000000d588d7b8}> (0x00000000d588d7b8) 
thrown [s\src\hotspot\share\prims\jni.cpp, line 520]
Event: 6.398 Thread 0x00000282ff4f4010 Exception <a 'java/lang/NoSuchMethodError'{0x00000000d5a5a890}: 'java.lang.Object java.lang.invoke.DirectMethodHandle$Holder.invokeStaticInit(java.lang.Object, int, int, int, int)'> (0x00000000d5a5a890) 
thrown [s\src\hotspot\share\interpreter\linkResolver.cpp, line 773]
Event: 6.486 Thread 0x00000282ff4f4010 Exception <a 'java/lang/NoSuchMethodError'{0x00000000d5afea60}: 'java.lang.Object java.lang.invoke.DirectMethodHandle$Holder.invokeStaticInit(java.lang.Object, java.lang.Object, int, int, int, int)'> (0x00000000d5afea60) 
thrown [s\src\hotspot\share\interpreter\linkResolver.cpp, line 773]
Event: 6.629 Thread 0x00000282ff4f4010 Exception <a 'java/lang/ClassNotFoundException'{0x00000000d60bdc60}: com/sun/org/apache/xml/internal/serializer/spi/XMLEntitiesProvider> (0x00000000d60bdc60) 
thrown [s\src\hotspot\share\classfile\systemDictionary.cpp, line 312]

ZGC Phase Switch (0 events):
No events

VM Operations (20 events):
Event: 4.998 Executing non-safepoint VM operation: HandshakeAllThreads (Deoptimize)
Event: 4.998 Executing non-safepoint VM operation: HandshakeAllThreads (Deoptimize) done
Event: 5.198 Executing safepoint VM operation: ParallelGCFailedAllocation (Allocation Failure)
Event: 5.206 Executing safepoint VM operation: ParallelGCFailedAllocation (Allocation Failure) done
Event: 5.308 Executing non-safepoint VM operation: HandshakeAllThreads (Deoptimize)
Event: 5.308 Executing non-safepoint VM operation: HandshakeAllThreads (Deoptimize) done
Event: 5.313 Executing non-safepoint VM operation: HandshakeAllThreads (Deoptimize)
Event: 5.313 Executing non-safepoint VM operation: HandshakeAllThreads (Deoptimize) done
Event: 5.333 Executing non-safepoint VM operation: HandshakeAllThreads (Deoptimize)
Event: 5.333 Executing non-safepoint VM operation: HandshakeAllThreads (Deoptimize) done
Event: 5.700 Executing safepoint VM operation: ParallelGCFailedAllocation (Allocation Failure)
Event: 5.706 Executing safepoint VM operation: ParallelGCFailedAllocation (Allocation Failure) done
Event: 6.043 Executing safepoint VM operation: ParallelGCFailedAllocation (Allocation Failure)
Event: 6.053 Executing safepoint VM operation: ParallelGCFailedAllocation (Allocation Failure) done
Event: 6.246 Executing safepoint VM operation: CollectForMetadataAllocation (Metadata GC Threshold)
Event: 6.283 Executing safepoint VM operation: CollectForMetadataAllocation (Metadata GC Threshold) done
Event: 6.346 Executing non-safepoint VM operation: HandshakeAllThreads (Deoptimize)
Event: 6.346 Executing non-safepoint VM operation: HandshakeAllThreads (Deoptimize) done
Event: 6.507 Executing non-safepoint VM operation: HandshakeAllThreads (Deoptimize)
Event: 6.507 Executing non-safepoint VM operation: HandshakeAllThreads (Deoptimize) done

Memory protections (0 events):
No events

Nmethod flushes (0 events):
No events

Events (20 events):
Event: 1.496 Thread 0x00000282e364fdc0 Thread added: 0x00000282e3543e10
Event: 1.496 Thread 0x00000282e364fdc0 Thread added: 0x00000282e3544870
Event: 1.496 Thread 0x00000282e364fdc0 Thread added: 0x00000282e35456b0
Event: 1.520 Thread 0x00000282e364fdc0 Thread added: 0x00000282e35b8690
Event: 1.676 Thread 0x00000282e364fdc0 Thread added: 0x00000282fad1ec20
Event: 2.005 Thread 0x00000282e35b8690 Thread added: 0x00000282fae3f380
Event: 2.186 Thread 0x00000282e364fdc0 Thread added: 0x00000282fae53920
Event: 4.016 Thread 0x00000282e364fdc0 Thread added: 0x00000282ff4b1150
Event: 4.430 Thread 0x00000282e364fdc0 Thread added: 0x00000282ff1ae290
Event: 4.435 Thread 0x00000282e364fdc0 Thread added: 0x00000282ff4f4010
Event: 4.585 Thread 0x00000282fae3f380 Thread exited: 0x00000282fae3f380
Event: 4.695 Thread 0x00000282ff4f4010 Thread added: 0x00000282ff661d10
Event: 4.798 Thread 0x00000282e35b8690 Thread added: 0x00000282ff670f50
Event: 4.981 Thread 0x00000282ff670f50 Thread exited: 0x00000282ff670f50
Event: 5.036 Thread 0x00000282ff4f4010 Thread added: 0x00000282ff4e3d40
Event: 5.350 Thread 0x00000282e35b8690 Thread added: 0x00000282c1064e50
Event: 5.456 Thread 0x00000282ff4f4010 Thread added: 0x00000282ff7638a0
Event: 5.482 Thread 0x00000282ff4f4010 Thread added: 0x00000282ff6cc600
Event: 6.239 Thread 0x00000282ff4f4010 Thread added: 0x00000282c1276970
Event: 6.380 Thread 0x00000282c1276970 Thread exited: 0x00000282c1276970


Dynamic libraries:
0x00007ff6b9370000 - 0x00007ff6b937e000 	c:\Users\usuario\.vscode\extensions\redhat.java-1.54.0-win32-x64\jre\21.0.10-win32-x86_64\bin\java.exe
0x00007ff8211d0000 - 0x00007ff8213c8000 	C:\WINDOWS\SYSTEM32\ntdll.dll
0x00007ff81f200000 - 0x00007ff81f2c2000 	C:\WINDOWS\System32\KERNEL32.DLL
0x00007ff81eef0000 - 0x00007ff81f1ef000 	C:\WINDOWS\System32\KERNELBASE.dll
0x00007ff81edf0000 - 0x00007ff81eef0000 	C:\WINDOWS\System32\ucrtbase.dll
0x00007ff817c80000 - 0x00007ff817c98000 	c:\Users\usuario\.vscode\extensions\redhat.java-1.54.0-win32-x64\jre\21.0.10-win32-x86_64\bin\jli.dll
0x00007ff8176b0000 - 0x00007ff8176ce000 	c:\Users\usuario\.vscode\extensions\redhat.java-1.54.0-win32-x64\jre\21.0.10-win32-x86_64\bin\VCRUNTIME140.dll
0x00007ff81f7c0000 - 0x00007ff81f95d000 	C:\WINDOWS\System32\USER32.dll
0x00007ff81eb60000 - 0x00007ff81eb82000 	C:\WINDOWS\System32\win32u.dll
0x00007ff81f590000 - 0x00007ff81f5bb000 	C:\WINDOWS\System32\GDI32.dll
0x00007ff81ea40000 - 0x00007ff81eb5a000 	C:\WINDOWS\System32\gdi32full.dll
0x00007ff81eb90000 - 0x00007ff81ec2d000 	C:\WINDOWS\System32\msvcp_win.dll
0x00007ff80b320000 - 0x00007ff80b5ba000 	C:\WINDOWS\WinSxS\amd64_microsoft.windows.common-controls_6595b64144ccf1df_6.0.19041.4355_none_60b8b9eb71f62e16\COMCTL32.dll
0x00007ff81fe00000 - 0x00007ff81fe9e000 	C:\WINDOWS\System32\msvcrt.dll
0x00007ff81f5c0000 - 0x00007ff81f5ef000 	C:\WINDOWS\System32\IMM32.DLL
0x00007ff81bee0000 - 0x00007ff81beec000 	c:\Users\usuario\.vscode\extensions\redhat.java-1.54.0-win32-x64\jre\21.0.10-win32-x86_64\bin\vcruntime140_1.dll
0x00007ff80f8b0000 - 0x00007ff80f93d000 	c:\Users\usuario\.vscode\extensions\redhat.java-1.54.0-win32-x64\jre\21.0.10-win32-x86_64\bin\msvcp140.dll
0x00007fffbb800000 - 0x00007fffbc5a1000 	c:\Users\usuario\.vscode\extensions\redhat.java-1.54.0-win32-x64\jre\21.0.10-win32-x86_64\bin\server\jvm.dll
0x00007ff81f970000 - 0x00007ff81fa1f000 	C:\WINDOWS\System32\ADVAPI32.dll
0x00007ff81f5f0000 - 0x00007ff81f68f000 	C:\WINDOWS\System32\sechost.dll
0x00007ff81f400000 - 0x00007ff81f523000 	C:\WINDOWS\System32\RPCRT4.dll
0x00007ff81ece0000 - 0x00007ff81ed07000 	C:\WINDOWS\System32\bcrypt.dll
0x00007ff820710000 - 0x00007ff82077b000 	C:\WINDOWS\System32\WS2_32.dll
0x00007ff81e6d0000 - 0x00007ff81e71b000 	C:\WINDOWS\SYSTEM32\POWRPROF.dll
0x00007ff80ba40000 - 0x00007ff80ba67000 	C:\WINDOWS\SYSTEM32\WINMM.dll
0x00007ff816580000 - 0x00007ff81658a000 	C:\WINDOWS\SYSTEM32\VERSION.dll
0x00007ff81e6b0000 - 0x00007ff81e6c2000 	C:\WINDOWS\SYSTEM32\UMPDC.dll
0x00007ff81c710000 - 0x00007ff81c722000 	C:\WINDOWS\SYSTEM32\kernel.appcore.dll
0x00007ff81af90000 - 0x00007ff81af9a000 	c:\Users\usuario\.vscode\extensions\redhat.java-1.54.0-win32-x64\jre\21.0.10-win32-x86_64\bin\jimage.dll
0x00007ff80b750000 - 0x00007ff80b934000 	C:\WINDOWS\SYSTEM32\DBGHELP.DLL
0x00007ff8001c0000 - 0x00007ff8001f4000 	C:\WINDOWS\SYSTEM32\dbgcore.DLL
0x00007ff81ed60000 - 0x00007ff81ede2000 	C:\WINDOWS\System32\bcryptPrimitives.dll
0x00007ff81ad90000 - 0x00007ff81ad9f000 	c:\Users\usuario\.vscode\extensions\redhat.java-1.54.0-win32-x64\jre\21.0.10-win32-x86_64\bin\instrument.dll
0x00007ff8174a0000 - 0x00007ff8174c0000 	c:\Users\usuario\.vscode\extensions\redhat.java-1.54.0-win32-x64\jre\21.0.10-win32-x86_64\bin\java.dll
0x00007ff820780000 - 0x00007ff820eed000 	C:\WINDOWS\System32\SHELL32.dll
0x00007ff81c910000 - 0x00007ff81d0b3000 	C:\WINDOWS\SYSTEM32\windows.storage.dll
0x00007ff81fa40000 - 0x00007ff81fd95000 	C:\WINDOWS\System32\combase.dll
0x00007ff81e1d0000 - 0x00007ff81e1fb000 	C:\WINDOWS\SYSTEM32\Wldp.dll
0x00007ff820320000 - 0x00007ff8203ed000 	C:\WINDOWS\System32\OLEAUT32.dll
0x00007ff81f690000 - 0x00007ff81f73d000 	C:\WINDOWS\System32\SHCORE.dll
0x00007ff8206b0000 - 0x00007ff820705000 	C:\WINDOWS\System32\shlwapi.dll
0x00007ff81e7a0000 - 0x00007ff81e7c5000 	C:\WINDOWS\SYSTEM32\profapi.dll
0x00007ff816710000 - 0x00007ff816728000 	c:\Users\usuario\.vscode\extensions\redhat.java-1.54.0-win32-x64\jre\21.0.10-win32-x86_64\bin\zip.dll
0x00007ff81ab00000 - 0x00007ff81ab10000 	C:\Users\usuario\.vscode\extensions\redhat.java-1.54.0-win32-x64\jre\21.0.10-win32-x86_64\bin\net.dll
0x00007ff819450000 - 0x00007ff81955a000 	C:\WINDOWS\SYSTEM32\WINHTTP.dll
0x00007ff81df30000 - 0x00007ff81df9c000 	C:\WINDOWS\system32\mswsock.dll
0x00007ff810720000 - 0x00007ff810736000 	C:\Users\usuario\.vscode\extensions\redhat.java-1.54.0-win32-x64\jre\21.0.10-win32-x86_64\bin\nio.dll
0x00007ff81a4b0000 - 0x00007ff81a4c0000 	c:\Users\usuario\.vscode\extensions\redhat.java-1.54.0-win32-x64\jre\21.0.10-win32-x86_64\bin\verify.dll
0x00007ff80e190000 - 0x00007ff80e1d5000 	C:\Users\usuario\AppData\Roaming\Code\User\globalStorage\redhat.java\1.54.0\config_ss_win\org.eclipse.equinox.launcher\org.eclipse.equinox.launcher.win32.win32.x86_64_1.3.0.v20260203-2149\eclipse_11919.dll
0x00007ff821060000 - 0x00007ff82118b000 	C:\WINDOWS\System32\ole32.dll
0x00007ff81e130000 - 0x00007ff81e148000 	C:\WINDOWS\SYSTEM32\CRYPTSP.dll
0x00007ff81d850000 - 0x00007ff81d888000 	C:\WINDOWS\system32\rsaenh.dll
0x00007ff81e760000 - 0x00007ff81e78e000 	C:\WINDOWS\SYSTEM32\USERENV.dll
0x00007ff81e120000 - 0x00007ff81e12c000 	C:\WINDOWS\SYSTEM32\CRYPTBASE.dll
0x00007ff81dc10000 - 0x00007ff81dc4b000 	C:\WINDOWS\SYSTEM32\IPHLPAPI.DLL
0x00007ff81f2d0000 - 0x00007ff81f2d8000 	C:\WINDOWS\System32\NSI.dll

JVMTI agents:
c:\Users\usuario\.vscode\extensions\redhat.java-1.54.0-win32-x64\lombok\lombok-1.18.39-4050.jar path:c:\Users\usuario\.vscode\extensions\redhat.java-1.54.0-win32-x64\jre\21.0.10-win32-x86_64\bin\instrument.dll, loaded, initialized, instrumentlib options:none

dbghelp: loaded successfully - version: 4.0.5 - missing functions: none
symbol engine: initialized successfully - sym options: 0x614 - pdb path: .;c:\Users\usuario\.vscode\extensions\redhat.java-1.54.0-win32-x64\jre\21.0.10-win32-x86_64\bin;C:\WINDOWS\SYSTEM32;C:\WINDOWS\WinSxS\amd64_microsoft.windows.common-controls_6595b64144ccf1df_6.0.19041.4355_none_60b8b9eb71f62e16;c:\Users\usuario\.vscode\extensions\redhat.java-1.54.0-win32-x64\jre\21.0.10-win32-x86_64\bin\server;C:\Users\usuario\AppData\Roaming\Code\User\globalStorage\redhat.java\1.54.0\config_ss_win\org.eclipse.equinox.launcher\org.eclipse.equinox.launcher.win32.win32.x86_64_1.3.0.v20260203-2149

VM Arguments:
jvm_args: --add-modules=ALL-SYSTEM --add-opens=java.base/java.util=ALL-UNNAMED --add-opens=java.base/java.lang=ALL-UNNAMED --add-opens=java.base/sun.nio.fs=ALL-UNNAMED -Declipse.application=org.eclipse.jdt.ls.core.id1 -Dosgi.bundles.defaultStartLevel=4 -Declipse.product=org.eclipse.jdt.ls.core.product -Djava.import.generatesMetadataFilesAtProjectRoot=false -DDetectVMInstallationsJob.disabled=true -Dfile.encoding=utf8 -XX:+UseParallelGC -XX:GCTimeRatio=4 -XX:AdaptiveSizePolicyWeight=90 -Dsun.zip.disableMemoryMapping=true -Xmx2G -Xms100m -Xlog:disable -javaagent:c:\Users\usuario\.vscode\extensions\redhat.java-1.54.0-win32-x64\lombok\lombok-1.18.39-4050.jar 
java_command: c:\Users\usuario\.vscode\extensions\redhat.java-1.54.0-win32-x64\server\plugins\org.eclipse.equinox.launcher_1.7.100.v20251111-0406.jar -configuration c:\Users\usuario\AppData\Roaming\Code\User\globalStorage\redhat.java\1.54.0\config_ss_win -data c:\Users\usuario\AppData\Roaming\Code\User\workspaceStorage\9d158d52b09e9752d6091c883d0c2920\redhat.java\ss_ws --pipe=\\.\pipe\lsp-f18ea137e606f6ea2c4bf6c08b81252a-sock
java_class_path (initial): c:\Users\usuario\.vscode\extensions\redhat.java-1.54.0-win32-x64\server\plugins\org.eclipse.equinox.launcher_1.7.100.v20251111-0406.jar
Launcher Type: SUN_STANDARD

[Global flags]
    uintx AdaptiveSizePolicyWeight                 = 90                                        {product} {command line}
     intx CICompilerCount                          = 3                                         {product} {ergonomic}
    uintx GCTimeRatio                              = 4                                         {product} {command line}
   size_t InitialHeapSize                          = 104857600                                 {product} {command line}
   size_t MaxHeapSize                              = 2147483648                                {product} {command line}
   size_t MaxNewSize                               = 715653120                                 {product} {ergonomic}
   size_t MinHeapDeltaBytes                        = 524288                                    {product} {ergonomic}
   size_t MinHeapSize                              = 104857600                                 {product} {command line}
   size_t NewSize                                  = 34603008                                  {product} {ergonomic}
    uintx NonNMethodCodeHeapSize                   = 5832780                                {pd product} {ergonomic}
    uintx NonProfiledCodeHeapSize                  = 122912730                              {pd product} {ergonomic}
   size_t OldSize                                  = 70254592                                  {product} {ergonomic}
    uintx ProfiledCodeHeapSize                     = 122912730                              {pd product} {ergonomic}
    uintx ReservedCodeCacheSize                    = 251658240                              {pd product} {ergonomic}
     bool SegmentedCodeCache                       = true                                      {product} {ergonomic}
   size_t SoftMaxHeapSize                          = 2147483648                             {manageable} {ergonomic}
     bool UseCompressedOops                        = true                           {product lp64_product} {ergonomic}
     bool UseLargePagesIndividualAllocation        = false                                  {pd product} {ergonomic}
     bool UseParallelGC                            = true                                      {product} {command line}

Logging:
Log output configuration:
 #0: stdout all=off uptime,level,tags foldmultilines=false
 #1: stderr all=off uptime,level,tags foldmultilines=false

Release file:
JAVA_VERSION="21.0.10" 
MODULES="java.base java.compiler java.datatransfer java.xml java.prefs java.desktop java.instrument java.logging java.management java.security.sasl java.naming java.rmi java.management.rmi java.net.http java.scripting java.security.jgss java.transaction.xa java.sql java.sql.rowset java.xml.crypto java.se java.smartcardio jdk.accessibility jdk.internal.jvmstat jdk.attach jdk.charsets jdk.internal.opt jdk.zipfs jdk.compiler jdk.crypto.ec jdk.crypto.cryptoki jdk.crypto.mscapi jdk.dynalink jdk.internal.ed jdk.editpad jdk.hotspot.agent jdk.httpserver jdk.internal.le jdk.internal.vm.ci jdk.internal.vm.compiler jdk.internal.vm.compiler.management jdk.jartool jdk.javadoc jdk.jcmd jdk.management jdk.management.agent jdk.jconsole jdk.jdeps jdk.jdwp.agent jdk.jdi jdk.jfr jdk.jshell jdk.jsobject jdk.jstatd jdk.localedata jdk.management.jfr jdk.naming.dns jdk.naming.rmi jdk.net jdk.nio.mapmode jdk.random jdk.sctp jdk.security.auth jdk.security.jgss jdk.unsupported jdk.unsupported.desktop jdk.xml.dom" 

Environment Variables:
JAVA_HOME=C:\Program Files\java\jdk-19.0.1
PATH=C:\Program Files\Common Files\Oracle\Java\javapath;C:\Program Files\CodeBlocks\MinGW;C:\Program Files\java\jdk-19.0.1\bin;C:\Program Files\dotnet\;C:\Program Files\Microsoft SQL Server\120\Tools\Binn\;C:\Program Files\Common Files\Autodesk Shared\;C:\Users\usuario\Documents\apache-maven-3.9.5\bin;C:\Program Files\Inkscape\bin;C:\Program Files\nodejs\;C:\Users\usuario\AppData\Local\Programs\Python\Python312\Scripts\;C:\Users\usuario\AppData\Local\Programs\Python\Python312\;C:\Users\usuario\AppData\Local\Programs\Python\Python311\Scripts\;C:\Users\usuario\AppData\Local\Programs\Python\Python311\;C:\Users\usuario\AppData\Local\Microsoft\WindowsApps;C:\Users\usuario\AppData\Local\Programs\Microsoft VS Code\bin;C:\Users\usuario\AppData\Local\Programs\Git\cmd;C:\Users\usuario\AppData\Roaming\npm
USERNAME=usuario
OS=Windows_NT
PROCESSOR_IDENTIFIER=Intel64 Family 6 Model 60 Stepping 3, GenuineIntel
TMP=C:\Users\usuario\AppData\Local\Temp
TEMP=C:\Users\usuario\AppData\Local\Temp




Periodic native trim disabled

---------------  S Y S T E M  ---------------

OS:
 Windows 10 , 64 bit Build 19041 (10.0.19041.5438)
OS uptime: 0 days 1:56 hours

CPU: total 4 (initial active 4) (2 cores per cpu, 2 threads per core) family 6 model 60 stepping 3 microcode 0x27, cx8, cmov, fxsr, ht, mmx, sse, sse2, sse3, ssse3, sse4.1, sse4.2, popcnt, lzcnt, tsc, tscinvbit, avx, avx2, aes, erms, clmul, bmi1, bmi2, fma, vzeroupper, clflush, rdtscp, f16c
Processor Information for the first 4 processors :
  Max Mhz: 3700, Current Mhz: 3700, Mhz Limit: 3700

Memory: 4k page, system-wide physical 8092M (888M free)
TotalPageFile size 8604M (AvailPageFile size 5M)
current process WorkingSet (physical memory assigned to process): 153M, peak: 155M
current process commit charge ("private bytes"): 278M, peak: 279M

vm_info: OpenJDK 64-Bit Server VM (21.0.10+7-LTS) for windows-amd64 JRE (21.0.10+7-LTS), built on 2026-01-20T00:00:00Z by "admin" with MS VC++ 17.12 (VS2022)

END.
